Archive member included because of file (symbol)

f:/eclipse/cpp-oxygen/eclipse/arduinoplugin/packages/arduino/tools/arm-none-eabi-gcc/4.8.3-2014q1/bin/../lib/gcc/arm-none-eabi/4.8.3/../../../../arm-none-eabi/lib/armv6-m\libm.a(lib_a-s_floor.o)
                              .\libraries\Adafruit-PWM-Servo-Driver-Library-master\Adafruit_PWMServoDriver.cpp.o (floor)
C:/Users/Omen/eclipse-workspace/PWM_webserver/Release/arduino.ar(variant.cpp.o)
                              .\libraries\SPI\SPI.cpp.o (sercom2)
C:/Users/Omen/eclipse-workspace/PWM_webserver/Release/arduino.ar(CDC.cpp.o)
                              .\sloeber.ino.cpp.o (Serial_::write(unsigned char))
C:/Users/Omen/eclipse-workspace/PWM_webserver/Release/arduino.ar(USBCore.cpp.o)
                              C:/Users/Omen/eclipse-workspace/PWM_webserver/Release/arduino.ar(CDC.cpp.o) (USBDeviceClass::available(unsigned long))
C:/Users/Omen/eclipse-workspace/PWM_webserver/Release/arduino.ar(IPAddress.cpp.o)
                              .\libraries\WiFi101\src\WiFi.cpp.o (IPAddress::IPAddress())
C:/Users/Omen/eclipse-workspace/PWM_webserver/Release/arduino.ar(Print.cpp.o)
                              .\libraries\Wire\Wire.cpp.o (Print::write(unsigned char const*, unsigned int))
C:/Users/Omen/eclipse-workspace/PWM_webserver/Release/arduino.ar(Reset.cpp.o)
                              C:/Users/Omen/eclipse-workspace/PWM_webserver/Release/arduino.ar(CDC.cpp.o) (initiateReset)
C:/Users/Omen/eclipse-workspace/PWM_webserver/Release/arduino.ar(SERCOM.cpp.o)
                              C:/Users/Omen/eclipse-workspace/PWM_webserver/Release/arduino.ar(variant.cpp.o) (SERCOM::SERCOM(Sercom*))
C:/Users/Omen/eclipse-workspace/PWM_webserver/Release/arduino.ar(Uart.cpp.o)
                              C:/Users/Omen/eclipse-workspace/PWM_webserver/Release/arduino.ar(variant.cpp.o) (Uart::Uart(SERCOM*, unsigned char, unsigned char, SercomRXPad, SercomUartTXPad))
C:/Users/Omen/eclipse-workspace/PWM_webserver/Release/arduino.ar(WInterrupts.c.o)
                              .\libraries\WiFi101\src\bsp\source\nm_bsp_arduino.c.o (attachInterrupt)
C:/Users/Omen/eclipse-workspace/PWM_webserver/Release/arduino.ar(WString.cpp.o)
                              .\sloeber.ino.cpp.o (String::~String())
C:/Users/Omen/eclipse-workspace/PWM_webserver/Release/arduino.ar(abi.cpp.o)
                              .\libraries\Wire\Wire.cpp.o (__cxa_pure_virtual)
C:/Users/Omen/eclipse-workspace/PWM_webserver/Release/arduino.ar(cortex_handlers.c.o)
                              (Reset_Handler)
C:/Users/Omen/eclipse-workspace/PWM_webserver/Release/arduino.ar(delay.c.o)
                              .\libraries\WiFi101\src\utility\WiFiSocket.cpp.o (millis)
C:/Users/Omen/eclipse-workspace/PWM_webserver/Release/arduino.ar(hooks.c.o)
                              C:/Users/Omen/eclipse-workspace/PWM_webserver/Release/arduino.ar(delay.c.o) (yield)
C:/Users/Omen/eclipse-workspace/PWM_webserver/Release/arduino.ar(itoa.c.o)
                              C:/Users/Omen/eclipse-workspace/PWM_webserver/Release/arduino.ar(WString.cpp.o) (ltoa)
C:/Users/Omen/eclipse-workspace/PWM_webserver/Release/arduino.ar(main.cpp.o)
                              f:/eclipse/cpp-oxygen/eclipse/arduinoplugin/packages/arduino/tools/arm-none-eabi-gcc/4.8.3-2014q1/bin/../lib/gcc/arm-none-eabi/4.8.3/../../../../arm-none-eabi/lib/armv6-m/crt0.o (main)
C:/Users/Omen/eclipse-workspace/PWM_webserver/Release/arduino.ar(new.cpp.o)
                              .\sloeber.ino.cpp.o (operator new(unsigned int))
C:/Users/Omen/eclipse-workspace/PWM_webserver/Release/arduino.ar(startup.c.o)
                              C:/Users/Omen/eclipse-workspace/PWM_webserver/Release/arduino.ar(cortex_handlers.c.o) (SystemInit)
C:/Users/Omen/eclipse-workspace/PWM_webserver/Release/arduino.ar(wiring.c.o)
                              C:/Users/Omen/eclipse-workspace/PWM_webserver/Release/arduino.ar(main.cpp.o) (init)
C:/Users/Omen/eclipse-workspace/PWM_webserver/Release/arduino.ar(wiring_analog.c.o)
                              C:/Users/Omen/eclipse-workspace/PWM_webserver/Release/arduino.ar(wiring.c.o) (analogReference)
C:/Users/Omen/eclipse-workspace/PWM_webserver/Release/arduino.ar(wiring_digital.c.o)
                              .\libraries\WiFi101\src\bus_wrapper\source\nm_bus_wrapper_samd21.cpp.o (pinMode)
C:/Users/Omen/eclipse-workspace/PWM_webserver/Release/arduino.ar(wiring_private.c.o)
                              .\libraries\Wire\Wire.cpp.o (pinPeripheral)
C:/Users/Omen/eclipse-workspace/PWM_webserver/Release/arduino.ar(dtostrf.c.o)
                              C:/Users/Omen/eclipse-workspace/PWM_webserver/Release/arduino.ar(WString.cpp.o) (dtostrf)
C:/Users/Omen/eclipse-workspace/PWM_webserver/Release/arduino.ar(PluggableUSB.cpp.o)
                              C:/Users/Omen/eclipse-workspace/PWM_webserver/Release/arduino.ar(USBCore.cpp.o) (PluggableUSB_::getInterface(unsigned char*))
[...]
Memory Configuration

Name             Origin             Length             Attributes
FLASH            0x00002000         0x0003e000         xr
RAM              0x20000000         0x00008000         xrw
*default*        0x00000000         0xffffffff

Linker script and memory map

LOAD f:/eclipse/cpp-oxygen/eclipse/arduinoplugin/packages/arduino/tools/arm-none-eabi-gcc/4.8.3-2014q1/bin/../lib/gcc/arm-none-eabi/4.8.3/armv6-m/crti.o
LOAD f:/eclipse/cpp-oxygen/eclipse/arduinoplugin/packages/arduino/tools/arm-none-eabi-gcc/4.8.3-2014q1/bin/../lib/gcc/arm-none-eabi/4.8.3/armv6-m/crtbegin.o
LOAD f:/eclipse/cpp-oxygen/eclipse/arduinoplugin/packages/arduino/tools/arm-none-eabi-gcc/4.8.3-2014q1/bin/../lib/gcc/arm-none-eabi/4.8.3/../../../../arm-none-eabi/lib/armv6-m/crt0.o
LOAD .\Main_web_page.cpp.o
LOAD .\PWM_control.cpp.o
LOAD .\sloeber.ino.cpp.o
LOAD .\libraries\Wire\Wire.cpp.o
LOAD .\libraries\WiFi101\src\utility\WiFiSocket.cpp.o
LOAD .\libraries\WiFi101\src\spi_flash\source\spi_flash.c.o
LOAD .\libraries\WiFi101\src\socket\source\socket.c.o
LOAD .\libraries\WiFi101\src\driver\source\m2m_ate_mode.c.o
LOAD .\libraries\WiFi101\src\driver\source\m2m_crypto.c.o
LOAD .\libraries\WiFi101\src\driver\source\m2m_hif.c.o
LOAD .\libraries\WiFi101\src\driver\source\m2m_ota.c.o
LOAD .\libraries\WiFi101\src\driver\source\m2m_periph.c.o
LOAD .\libraries\WiFi101\src\driver\source\m2m_ssl.c.o
LOAD .\libraries\WiFi101\src\driver\source\m2m_wifi.c.o
LOAD .\libraries\WiFi101\src\driver\source\nmasic.c.o
LOAD .\libraries\WiFi101\src\driver\source\nmbus.c.o
LOAD .\libraries\WiFi101\src\driver\source\nmdrv.c.o
LOAD .\libraries\WiFi101\src\driver\source\nmi2c.c.o
LOAD .\libraries\WiFi101\src\driver\source\nmspi.c.o
LOAD .\libraries\WiFi101\src\driver\source\nmuart.c.o
LOAD .\libraries\WiFi101\src\common\source\nm_common.c.o
LOAD .\libraries\WiFi101\src\bus_wrapper\source\nm_bus_wrapper_samd21.cpp.o
LOAD .\libraries\WiFi101\src\bsp\source\nm_bsp_arduino.c.o
LOAD .\libraries\WiFi101\src\bsp\source\nm_bsp_arduino_avr.c.o
LOAD .\libraries\WiFi101\src\WiFi.cpp.o
LOAD .\libraries\WiFi101\src\WiFiClient.cpp.o
LOAD .\libraries\WiFi101\src\WiFiMDNSResponder.cpp.o
LOAD .\libraries\WiFi101\src\WiFiSSLClient.cpp.o
LOAD .\libraries\WiFi101\src\WiFiServer.cpp.o
LOAD .\libraries\WiFi101\src\WiFiUdp.cpp.o
LOAD .\libraries\SPI\SPI.cpp.o
LOAD .\libraries\Adafruit-PWM-Servo-Driver-Library-master\Adafruit_PWMServoDriver.cpp.o
START GROUP
LOAD F:\eclipse\cpp-oxygen\eclipse\/arduinoPlugin/packages/arduino/tools/CMSIS/4.5.0/CMSIS/Lib/GCC/\libarm_cortexM0l_math.a
LOAD f:/eclipse/cpp-oxygen/eclipse/arduinoplugin/packages/arduino/tools/arm-none-eabi-gcc/4.8.3-2014q1/bin/../lib/gcc/arm-none-eabi/4.8.3/../../../../arm-none-eabi/lib/armv6-m\libm.a
LOAD C:/Users/Omen/eclipse-workspace/PWM_webserver/Release/arduino.ar
END GROUP
START GROUP
LOAD f:/eclipse/cpp-oxygen/eclipse/arduinoplugin/packages/arduino/tools/arm-none-eabi-gcc/4.8.3-2014q1/bin/../lib/gcc/arm-none-eabi/4.8.3/armv6-m\libgcc.a
LOAD f:/eclipse/cpp-oxygen/eclipse/arduinoplugin/packages/arduino/tools/arm-none-eabi-gcc/4.8.3-2014q1/bin/../lib/gcc/arm-none-eabi/4.8.3/../../../../arm-none-eabi/lib/armv6-m\libc_s.a
END GROUP
START GROUP
LOAD f:/eclipse/cpp-oxygen/eclipse/arduinoplugin/packages/arduino/tools/arm-none-eabi-gcc/4.8.3-2014q1/bin/../lib/gcc/arm-none-eabi/4.8.3/armv6-m\libgcc.a
LOAD f:/eclipse/cpp-oxygen/eclipse/arduinoplugin/packages/arduino/tools/arm-none-eabi-gcc/4.8.3-2014q1/bin/../lib/gcc/arm-none-eabi/4.8.3/../../../../arm-none-eabi/lib/armv6-m\libc_s.a
LOAD f:/eclipse/cpp-oxygen/eclipse/arduinoplugin/packages/arduino/tools/arm-none-eabi-gcc/4.8.3-2014q1/bin/../lib/gcc/arm-none-eabi/4.8.3/../../../../arm-none-eabi/lib/armv6-m\libnosys.a
END GROUP
START GROUP
LOAD f:/eclipse/cpp-oxygen/eclipse/arduinoplugin/packages/arduino/tools/arm-none-eabi-gcc/4.8.3-2014q1/bin/../lib/gcc/arm-none-eabi/4.8.3/armv6-m\libgcc.a
LOAD f:/eclipse/cpp-oxygen/eclipse/arduinoplugin/packages/arduino/tools/arm-none-eabi-gcc/4.8.3-2014q1/bin/../lib/gcc/arm-none-eabi/4.8.3/../../../../arm-none-eabi/lib/armv6-m\libc_s.a
LOAD f:/eclipse/cpp-oxygen/eclipse/arduinoplugin/packages/arduino/tools/arm-none-eabi-gcc/4.8.3-2014q1/bin/../lib/gcc/arm-none-eabi/4.8.3/../../../../arm-none-eabi/lib/armv6-m\libnosys.a
END GROUP
LOAD f:/eclipse/cpp-oxygen/eclipse/arduinoplugin/packages/arduino/tools/arm-none-eabi-gcc/4.8.3-2014q1/bin/../lib/gcc/arm-none-eabi/4.8.3/armv6-m/crtend.o
LOAD f:/eclipse/cpp-oxygen/eclipse/arduinoplugin/packages/arduino/tools/arm-none-eabi-gcc/4.8.3-2014q1/bin/../lib/gcc/arm-none-eabi/4.8.3/armv6-m/crtn.o

.text           0x00002000     0xbf08
                0x00002000                __text_start__ = .
 *(.sketch_boot)
                0x00002000                . = ALIGN (0x2000)
 *(.isr_vector)
 .isr_vector    0x00002000       0xb4 C:/Users/Omen/eclipse-workspace/PWM_webserver/Release/arduino.ar(cortex_handlers.c.o)
                0x00002000                exception_table
 *(.text*)
 .text          0x000020b4       0x60 f:/eclipse/cpp-oxygen/eclipse/arduinoplugin/packages/arduino/tools/arm-none-eabi-gcc/4.8.3-2014q1/bin/../lib/gcc/arm-none-eabi/4.8.3/armv6-m/crtbegin.o
 .text._ZN13main_web_pageC2EP10WiFiClient
                0x00002114        0x4 .\Main_web_page.cpp.o
                0x00002114                main_web_page::main_web_page(WiFiClient*)
                0x00002114                main_web_page::main_web_page(WiFiClient*)
 .text._ZN13main_web_page15config_generateEv
                0x00002118       0xb0 .\Main_web_page.cpp.o
                0x00002118                main_web_page::config_generate()
 .text._ZN13main_web_page10pwms_tableEiPi
                0x000021c8       0xbc .\Main_web_page.cpp.o
                0x000021c8                main_web_page::pwms_table(int, int*)
 .text._ZN13main_web_page19controller_generateEiPi
                0x00002284       0x68 .\Main_web_page.cpp.o
                0x00002284                main_web_page::controller_generate(int, int*)
 .text.startup._GLOBAL__sub_I__ZN13main_web_pageC2EP10WiFiClient
                0x000022ec       0x18 .\Main_web_page.cpp.o
 .text._ZN11pwm_controlC2Ev
                0x00002304       0x14 .\PWM_control.cpp.o
                0x00002304                pwm_control::pwm_control()
                0x00002304                pwm_control::pwm_control()
 .text._ZN11pwm_control13set_frequencyEi
                0x00002318       0x14 .\PWM_control.cpp.o
                0x00002318                pwm_control::set_frequency(int)
 .text._ZN11pwm_control8set_dutyEii
                0x0000232c       0x28 .\PWM_control.cpp.o
                0x0000232c                pwm_control::set_duty(int, int)
 .text._Z18controller_handler6String
                0x00002354       0x88 .\sloeber.ino.cpp.o
                0x00002354                controller_handler(String)
 .text._Z20configurator_handler6String
                0x000023dc       0xb0 .\sloeber.ino.cpp.o
                0x000023dc                configurator_handler(String)
 .text._Z15printWiFiStatusv
                0x0000248c       0x78 .\sloeber.ino.cpp.o
                0x0000248c                printWiFiStatus()
 .text.startup._GLOBAL__sub_I_client
                0x00002504       0x3c .\sloeber.ino.cpp.o
 .text.setup    0x00002540       0x88 .\sloeber.ino.cpp.o
                0x00002540                setup
 .text.loop     0x000025c8      0x140 .\sloeber.ino.cpp.o
                0x000025c8                loop
 .text._ZN5Print17availableForWriteEv
                0x00002708        0x4 .\libraries\Wire\Wire.cpp.o
                0x00002708                Print::availableForWrite()
 .text._ZN5Print5flushEv
                0x0000270c        0x2 .\libraries\Wire\Wire.cpp.o
                0x0000270c                Print::flush()
 .text._ZN7TwoWire5writeEPKhj
                0x0000270e       0x24 .\libraries\Wire\Wire.cpp.o
                0x0000270e                TwoWire::write(unsigned char const*, unsigned int)
 .text._ZN7TwoWire5flushEv
                0x00002732        0x2 .\libraries\Wire\Wire.cpp.o
                0x00002732                TwoWire::flush()
 .text._ZN7TwoWire4peekEv
                0x00002734       0x1a .\libraries\Wire\Wire.cpp.o
                0x00002734                TwoWire::peek()
 .text._ZN7TwoWire9availableEv
                0x0000274e       0x12 .\libraries\Wire\Wire.cpp.o
                0x0000274e                TwoWire::available()
 .text._ZN7TwoWireC2EP6SERCOMhh
                0x00002760       0x5c .\libraries\Wire\Wire.cpp.o
                0x00002760                TwoWire::TwoWire(SERCOM*, unsigned char, unsigned char)
                0x00002760                TwoWire::TwoWire(SERCOM*, unsigned char, unsigned char)
 .text._ZN7TwoWire5beginEv
                0x000027bc       0x40 .\libraries\Wire\Wire.cpp.o
                0x000027bc                TwoWire::begin()
 .text._ZN7TwoWire17beginTransmissionEh
                0x000027fc       0x18 .\libraries\Wire\Wire.cpp.o
                0x000027fc                TwoWire::beginTransmission(unsigned char)
 .text._ZN11RingBufferNILi256EE10store_charEh
                0x00002814       0x1a .\libraries\Wire\Wire.cpp.o
                0x00002814                RingBufferN<256>::store_char(unsigned char)
 .text._ZN7TwoWire11requestFromEhjb
                0x0000282e       0x76 .\libraries\Wire\Wire.cpp.o
                0x0000282e                TwoWire::requestFrom(unsigned char, unsigned int, bool)
 .text._ZN7TwoWire11requestFromEhj
                0x000028a4        0xa .\libraries\Wire\Wire.cpp.o
                0x000028a4                TwoWire::requestFrom(unsigned char, unsigned int)
 .text._ZN7TwoWire5writeEh
                0x000028ae       0x2a .\libraries\Wire\Wire.cpp.o
                0x000028ae                TwoWire::write(unsigned char)
 .text._ZN11RingBufferNILi256EE9read_charEv
                0x000028d8       0x20 .\libraries\Wire\Wire.cpp.o
                0x000028d8                RingBufferN<256>::read_char()
 .text._ZN7TwoWire15endTransmissionEb
                0x000028f8       0x72 .\libraries\Wire\Wire.cpp.o
                0x000028f8                TwoWire::endTransmission(bool)
 .text._ZN7TwoWire15endTransmissionEv
                0x0000296a        0xa .\libraries\Wire\Wire.cpp.o
                0x0000296a                TwoWire::endTransmission()
 .text._ZN7TwoWire4readEv
                0x00002974        0xa .\libraries\Wire\Wire.cpp.o
                0x00002974                TwoWire::read()
 .text._ZN7TwoWire9onServiceEv
                0x0000297e      0x11c .\libraries\Wire\Wire.cpp.o
                0x0000297e                TwoWire::onService()
 *fill*         0x00002a9a        0x2 
 .text.SERCOM0_Handler
                0x00002a9c       0x10 .\libraries\Wire\Wire.cpp.o
                0x00002a9c                SERCOM0_Handler
 .text.startup._GLOBAL__sub_I__ZN7TwoWireC2EP6SERCOMhh
                0x00002aac       0x18 .\libraries\Wire\Wire.cpp.o
 .text._ZN15WiFiSocketClassD2Ev
                0x00002ac4        0xc .\libraries\WiFi101\src\utility\WiFiSocket.cpp.o
                0x00002ac4                WiFiSocketClass::~WiFiSocketClass()
                0x00002ac4                WiFiSocketClass::~WiFiSocketClass()
 .text._ZN15WiFiSocketClassD0Ev
                0x00002ad0       0x18 .\libraries\WiFi101\src\utility\WiFiSocket.cpp.o
                0x00002ad0                WiFiSocketClass::~WiFiSocketClass()
 .text._ZN15WiFiSocketClassC2Ev
                0x00002ae8       0x2c .\libraries\WiFi101\src\utility\WiFiSocket.cpp.o
                0x00002ae8                WiFiSocketClass::WiFiSocketClass()
                0x00002ae8                WiFiSocketClass::WiFiSocketClass()
 .text._ZN15WiFiSocketClass6createEthh
                0x00002b14       0x22 .\libraries\WiFi101\src\utility\WiFiSocket.cpp.o
                0x00002b14                WiFiSocketClass::create(unsigned short, unsigned char, unsigned char)
 *fill*         0x00002b36        0x2 
 .text._ZN15WiFiSocketClass4bindEaP8sockaddrh
                0x00002b38       0x68 .\libraries\WiFi101\src\utility\WiFiSocket.cpp.o
                0x00002b38                WiFiSocketClass::bind(signed char, sockaddr*, unsigned char)
 .text._ZN15WiFiSocketClass6listenEah
                0x00002ba0       0x50 .\libraries\WiFi101\src\utility\WiFiSocket.cpp.o
                0x00002ba0                WiFiSocketClass::listen(signed char, unsigned char)
 .text._ZN15WiFiSocketClass6setoptEahhPKvt
                0x00002bf0       0x18 .\libraries\WiFi101\src\utility\WiFiSocket.cpp.o
                0x00002bf0                WiFiSocketClass::setopt(signed char, unsigned char, unsigned char, void const*, unsigned short)
 .text._ZN15WiFiSocketClass7connectEaP8sockaddrh
                0x00002c08       0x7c .\libraries\WiFi101\src\utility\WiFiSocket.cpp.o
                0x00002c08                WiFiSocketClass::connect(signed char, sockaddr*, unsigned char)
 .text._ZN15WiFiSocketClass9connectedEa
                0x00002c84       0x1e .\libraries\WiFi101\src\utility\WiFiSocket.cpp.o
                0x00002c84                WiFiSocketClass::connected(signed char)
 .text._ZN15WiFiSocketClass9listeningEa
                0x00002ca2       0x1e .\libraries\WiFi101\src\utility\WiFiSocket.cpp.o
                0x00002ca2                WiFiSocketClass::listening(signed char)
 .text._ZN15WiFiSocketClass9availableEa
                0x00002cc0       0x2e .\libraries\WiFi101\src\utility\WiFiSocket.cpp.o
                0x00002cc0                WiFiSocketClass::available(signed char)
 .text._ZN15WiFiSocketClass8remoteIPEa
                0x00002cee       0x14 .\libraries\WiFi101\src\utility\WiFiSocket.cpp.o
                0x00002cee                WiFiSocketClass::remoteIP(signed char)
 .text._ZN15WiFiSocketClass10remotePortEa
                0x00002d02        0xa .\libraries\WiFi101\src\utility\WiFiSocket.cpp.o
                0x00002d02                WiFiSocketClass::remotePort(signed char)
 .text._ZN15WiFiSocketClass5writeEaPKhj
                0x00002d0c       0x48 .\libraries\WiFi101\src\utility\WiFiSocket.cpp.o
                0x00002d0c                WiFiSocketClass::write(signed char, unsigned char const*, unsigned int)
 .text._ZN15WiFiSocketClass5closeEa
                0x00002d54       0x62 .\libraries\WiFi101\src\utility\WiFiSocket.cpp.o
                0x00002d54                WiFiSocketClass::close(signed char)
 .text._ZN15WiFiSocketClass9hasParentEaa
                0x00002db6       0x12 .\libraries\WiFi101\src\utility\WiFiSocket.cpp.o
                0x00002db6                WiFiSocketClass::hasParent(signed char, signed char)
 .text._ZN15WiFiSocketClass8acceptedEa
                0x00002dc8       0x48 .\libraries\WiFi101\src\utility\WiFiSocket.cpp.o
                0x00002dc8                WiFiSocketClass::accepted(signed char)
 .text._ZN15WiFiSocketClass14fillRecvBufferEa
                0x00002e10       0x78 .\libraries\WiFi101\src\utility\WiFiSocket.cpp.o
                0x00002e10                WiFiSocketClass::fillRecvBuffer(signed char)
 .text._ZN15WiFiSocketClass4peekEa
                0x00002e88       0x5e .\libraries\WiFi101\src\utility\WiFiSocket.cpp.o
                0x00002e88                WiFiSocketClass::peek(signed char)
 .text._ZN15WiFiSocketClass4readEaPhj
                0x00002ee6       0xe8 .\libraries\WiFi101\src\utility\WiFiSocket.cpp.o
                0x00002ee6                WiFiSocketClass::read(signed char, unsigned char*, unsigned int)
 .text._ZN15WiFiSocketClass11handleEventEahPv
                0x00002fce       0xec .\libraries\WiFi101\src\utility\WiFiSocket.cpp.o
                0x00002fce                WiFiSocketClass::handleEvent(signed char, unsigned char, void*)
 *fill*         0x000030ba        0x2 
 .text._ZN15WiFiSocketClass13eventCallbackEahPv
                0x000030bc       0x18 .\libraries\WiFi101\src\utility\WiFiSocket.cpp.o
                0x000030bc                WiFiSocketClass::eventCallback(signed char, unsigned char, void*)
 .text.startup._GLOBAL__sub_I__ZN15WiFiSocketClassC2Ev
                0x000030d4       0x34 .\libraries\WiFi101\src\utility\WiFiSocket.cpp.o
 .text.spi_flash_enable
                0x00003108       0xd8 .\libraries\WiFi101\src\spi_flash\source\spi_flash.c.o
                0x00003108                spi_flash_enable
 .text.m2m_ip_cb
                0x000031e0      0x29c .\libraries\WiFi101\src\socket\source\socket.c.o
 .text.socketInit
                0x0000347c       0x38 .\libraries\WiFi101\src\socket\source\socket.c.o
                0x0000347c                socketInit
 .text.registerSocketCallback
                0x000034b4       0x14 .\libraries\WiFi101\src\socket\source\socket.c.o
                0x000034b4                registerSocketCallback
 .text.socket   0x000034c8       0xe8 .\libraries\WiFi101\src\socket\source\socket.c.o
                0x000034c8                socket
 .text.bind     0x000035b0       0x64 .\libraries\WiFi101\src\socket\source\socket.c.o
                0x000035b0                bind
 .text.listen   0x00003614       0x48 .\libraries\WiFi101\src\socket\source\socket.c.o
                0x00003614                listen
 .text.connect  0x0000365c       0x70 .\libraries\WiFi101\src\socket\source\socket.c.o
                0x0000365c                connect
 .text.send     0x000036cc       0x94 .\libraries\WiFi101\src\socket\source\socket.c.o
                0x000036cc                send
 .text.recv     0x00003760       0x78 .\libraries\WiFi101\src\socket\source\socket.c.o
                0x00003760                recv
 .text.close    0x000037d8       0x60 .\libraries\WiFi101\src\socket\source\socket.c.o
                0x000037d8                close
 .text.recvfrom
                0x00003838       0x7c .\libraries\WiFi101\src\socket\source\socket.c.o
                0x00003838                recvfrom
 .text.gethostbyname
                0x000038b4       0x2e .\libraries\WiFi101\src\socket\source\socket.c.o
                0x000038b4                gethostbyname
 *fill*         0x000038e2        0x2 
 .text.setsockopt
                0x000038e4      0x118 .\libraries\WiFi101\src\socket\source\socket.c.o
                0x000038e4                setsockopt
 .text.isr      0x000039fc       0x10 .\libraries\WiFi101\src\driver\source\m2m_hif.c.o
 .text.m2m_hif_cb
                0x00003a0c        0x2 .\libraries\WiFi101\src\driver\source\m2m_hif.c.o
 *fill*         0x00003a0e        0x2 
 .text.hif_set_rx_done
                0x00003a10       0x3c .\libraries\WiFi101\src\driver\source\m2m_hif.c.o
 .text.hif_chip_wake
                0x00003a4c       0x34 .\libraries\WiFi101\src\driver\source\m2m_hif.c.o
                0x00003a4c                hif_chip_wake
 .text.hif_chip_sleep_sc
                0x00003a80       0x18 .\libraries\WiFi101\src\driver\source\m2m_hif.c.o
                0x00003a80                hif_chip_sleep_sc
 .text.hif_chip_sleep
                0x00003a98       0x2c .\libraries\WiFi101\src\driver\source\m2m_hif.c.o
                0x00003a98                hif_chip_sleep
 .text.hif_init
                0x00003ac4       0x28 .\libraries\WiFi101\src\driver\source\m2m_hif.c.o
                0x00003ac4                hif_init
 .text.hif_send
                0x00003aec      0x190 .\libraries\WiFi101\src\driver\source\m2m_hif.c.o
                0x00003aec                hif_send
 .text.hif_handle_isr
                0x00003c7c      0x160 .\libraries\WiFi101\src\driver\source\m2m_hif.c.o
                0x00003c7c                hif_handle_isr
 .text.hif_receive
                0x00003ddc       0x58 .\libraries\WiFi101\src\driver\source\m2m_hif.c.o
                0x00003ddc                hif_receive
 .text.hif_register_cb
                0x00003e34       0x3c .\libraries\WiFi101\src\driver\source\m2m_hif.c.o
                0x00003e34                hif_register_cb
 .text.m2m_ssl_set_active_ciphersuites
                0x00003e70       0x1c .\libraries\WiFi101\src\driver\source\m2m_ssl.c.o
                0x00003e70                m2m_ssl_set_active_ciphersuites
 .text.m2m_wifi_cb
                0x00003e8c      0x188 .\libraries\WiFi101\src\driver\source\m2m_wifi.c.o
 .text.m2m_validate_ap_parameters
                0x00004014       0x96 .\libraries\WiFi101\src\driver\source\m2m_wifi.c.o
 *fill*         0x000040aa        0x2 
 .text.m2m_wifi_init
                0x000040ac       0x70 .\libraries\WiFi101\src\driver\source\m2m_wifi.c.o
                0x000040ac                m2m_wifi_init
 .text.m2m_wifi_handle_events
                0x0000411c        0x8 .\libraries\WiFi101\src\driver\source\m2m_wifi.c.o
                0x0000411c                m2m_wifi_handle_events
 .text.m2m_wifi_default_connect
                0x00004124       0x18 .\libraries\WiFi101\src\driver\source\m2m_wifi.c.o
                0x00004124                m2m_wifi_default_connect
 .text.m2m_wifi_connect_sc
                0x0000413c      0x10c .\libraries\WiFi101\src\driver\source\m2m_wifi.c.o
                0x0000413c                m2m_wifi_connect_sc
 .text.m2m_wifi_connect
                0x00004248       0x12 .\libraries\WiFi101\src\driver\source\m2m_wifi.c.o
                0x00004248                m2m_wifi_connect
 .text.m2m_wifi_req_curr_rssi
                0x0000425a       0x18 .\libraries\WiFi101\src\driver\source\m2m_wifi.c.o
                0x0000425a                m2m_wifi_req_curr_rssi
 .text.m2m_wifi_get_mac_address
                0x00004272       0x1e .\libraries\WiFi101\src\driver\source\m2m_wifi.c.o
                0x00004272                m2m_wifi_get_mac_address
 .text.m2m_wifi_start_provision_mode
                0x00004290       0x94 .\libraries\WiFi101\src\driver\source\m2m_wifi.c.o
                0x00004290                m2m_wifi_start_provision_mode
 .text.m2m_wifi_get_connection_info
                0x00004324       0x18 .\libraries\WiFi101\src\driver\source\m2m_wifi.c.o
                0x00004324                m2m_wifi_get_connection_info
 .text.chip_apply_conf
                0x0000433c       0x2c .\libraries\WiFi101\src\driver\source\nmasic.c.o
                0x0000433c                chip_apply_conf
 .text.enable_interrupts
                0x00004368       0x50 .\libraries\WiFi101\src\driver\source\nmasic.c.o
                0x00004368                enable_interrupts
 .text.nmi_get_chipid
                0x000043b8       0xac .\libraries\WiFi101\src\driver\source\nmasic.c.o
                0x000043b8                nmi_get_chipid
 .text.chip_sleep
                0x00004464       0x5e .\libraries\WiFi101\src\driver\source\nmasic.c.o
                0x00004464                chip_sleep
 .text.chip_wake
                0x000044c2       0x7c .\libraries\WiFi101\src\driver\source\nmasic.c.o
                0x000044c2                chip_wake
 *fill*         0x0000453e        0x2 
 .text.wait_for_bootrom
                0x00004540       0xd0 .\libraries\WiFi101\src\driver\source\nmasic.c.o
                0x00004540                wait_for_bootrom
 .text.wait_for_firmware_start
                0x00004610       0x60 .\libraries\WiFi101\src\driver\source\nmasic.c.o
                0x00004610                wait_for_firmware_start
 .text.chip_deinit
                0x00004670       0x2c .\libraries\WiFi101\src\driver\source\nmasic.c.o
                0x00004670                chip_deinit
 .text.nmi_get_mac_address
                0x0000469c       0x74 .\libraries\WiFi101\src\driver\source\nmasic.c.o
                0x0000469c                nmi_get_mac_address
 .text.nm_bus_iface_init
                0x00004710        0x8 .\libraries\WiFi101\src\driver\source\nmbus.c.o
                0x00004710                nm_bus_iface_init
 .text.nm_bus_iface_deinit
                0x00004718        0x8 .\libraries\WiFi101\src\driver\source\nmbus.c.o
                0x00004718                nm_bus_iface_deinit
 .text.nm_bus_reset
                0x00004720        0x8 .\libraries\WiFi101\src\driver\source\nmbus.c.o
                0x00004720                nm_bus_reset
 .text.nm_read_reg
                0x00004728        0x8 .\libraries\WiFi101\src\driver\source\nmbus.c.o
                0x00004728                nm_read_reg
 .text.nm_read_reg_with_ret
                0x00004730        0x8 .\libraries\WiFi101\src\driver\source\nmbus.c.o
                0x00004730                nm_read_reg_with_ret
 .text.nm_write_reg
                0x00004738        0x8 .\libraries\WiFi101\src\driver\source\nmbus.c.o
                0x00004738                nm_write_reg
 .text.nm_read_block
                0x00004740       0x40 .\libraries\WiFi101\src\driver\source\nmbus.c.o
                0x00004740                nm_read_block
 .text.nm_write_block
                0x00004780       0x40 .\libraries\WiFi101\src\driver\source\nmbus.c.o
                0x00004780                nm_write_block
 .text.nm_get_firmware_info
                0x000047c0       0xac .\libraries\WiFi101\src\driver\source\nmdrv.c.o
                0x000047c0                nm_get_firmware_info
 .text.nm_get_firmware_full_info
                0x0000486c       0xb4 .\libraries\WiFi101\src\driver\source\nmdrv.c.o
                0x0000486c                nm_get_firmware_full_info
 .text.nm_drv_init
                0x00004920       0x70 .\libraries\WiFi101\src\driver\source\nmdrv.c.o
                0x00004920                nm_drv_init
 .text.nm_drv_deinit
                0x00004990       0x22 .\libraries\WiFi101\src\driver\source\nmdrv.c.o
                0x00004990                nm_drv_deinit
 .text.nmi_spi_write
                0x000049b2       0x18 .\libraries\WiFi101\src\driver\source\nmspi.c.o
 .text.nmi_spi_read
                0x000049ca       0x18 .\libraries\WiFi101\src\driver\source\nmspi.c.o
 .text.spi_cmd_rsp
                0x000049e2       0x68 .\libraries\WiFi101\src\driver\source\nmspi.c.o
 *fill*         0x00004a4a        0x2 
 .text.spi_data_read
                0x00004a4c       0x8c .\libraries\WiFi101\src\driver\source\nmspi.c.o
 .text.spi_cmd  0x00004ad8      0x108 .\libraries\WiFi101\src\driver\source\nmspi.c.o
 .text.spi_write_reg
                0x00004be0       0x66 .\libraries\WiFi101\src\driver\source\nmspi.c.o
 .text.spi_read_reg
                0x00004c46       0x94 .\libraries\WiFi101\src\driver\source\nmspi.c.o
 .text.nm_spi_reset
                0x00004cda       0x1c .\libraries\WiFi101\src\driver\source\nmspi.c.o
                0x00004cda                nm_spi_reset
 *fill*         0x00004cf6        0x2 
 .text.nm_spi_deinit
                0x00004cf8        0xc .\libraries\WiFi101\src\driver\source\nmspi.c.o
                0x00004cf8                nm_spi_deinit
 .text.nm_spi_read_reg
                0x00004d04        0xc .\libraries\WiFi101\src\driver\source\nmspi.c.o
                0x00004d04                nm_spi_read_reg
 .text.nm_spi_read_reg_with_ret
                0x00004d10       0x14 .\libraries\WiFi101\src\driver\source\nmspi.c.o
                0x00004d10                nm_spi_read_reg_with_ret
 .text.nm_spi_write_reg
                0x00004d24       0x14 .\libraries\WiFi101\src\driver\source\nmspi.c.o
                0x00004d24                nm_spi_write_reg
 .text.nm_spi_init
                0x00004d38       0x80 .\libraries\WiFi101\src\driver\source\nmspi.c.o
                0x00004d38                nm_spi_init
 .text.nm_spi_read_block
                0x00004db8       0xa2 .\libraries\WiFi101\src\driver\source\nmspi.c.o
                0x00004db8                nm_spi_read_block
 *fill*         0x00004e5a        0x2 
 .text.nm_spi_write_block
                0x00004e5c      0x10c .\libraries\WiFi101\src\driver\source\nmspi.c.o
                0x00004e5c                nm_spi_write_block
 .text.m2m_memcpy
                0x00004f68       0x12 .\libraries\WiFi101\src\common\source\nm_common.c.o
                0x00004f68                m2m_memcpy
 .text.m2m_memset
                0x00004f7a       0x10 .\libraries\WiFi101\src\common\source\nm_common.c.o
                0x00004f7a                m2m_memset
 .text.m2m_strlen
                0x00004f8a       0x14 .\libraries\WiFi101\src\common\source\nm_common.c.o
                0x00004f8a                m2m_strlen
 *fill*         0x00004f9e        0x2 
 .text.nm_bus_init
                0x00004fa0       0x34 .\libraries\WiFi101\src\bus_wrapper\source\nm_bus_wrapper_samd21.cpp.o
                0x00004fa0                nm_bus_init
 .text.nm_bus_ioctl
                0x00004fd4       0x98 .\libraries\WiFi101\src\bus_wrapper\source\nm_bus_wrapper_samd21.cpp.o
                0x00004fd4                nm_bus_ioctl
 .text.nm_bus_deinit
                0x0000506c       0x10 .\libraries\WiFi101\src\bus_wrapper\source\nm_bus_wrapper_samd21.cpp.o
                0x0000506c                nm_bus_deinit
 .text.startup._GLOBAL__sub_I_egstrNmBusCapabilities
                0x0000507c       0x18 .\libraries\WiFi101\src\bus_wrapper\source\nm_bus_wrapper_samd21.cpp.o
 .text.chip_isr
                0x00005094       0x14 .\libraries\WiFi101\src\bsp\source\nm_bsp_arduino.c.o
 .text.attachInterruptMultiArch
                0x000050a8        0x8 .\libraries\WiFi101\src\bsp\source\nm_bsp_arduino.c.o
                0x000050a8                attachInterruptMultiArch
 .text.detachInterruptMultiArch
                0x000050b0        0x8 .\libraries\WiFi101\src\bsp\source\nm_bsp_arduino.c.o
                0x000050b0                detachInterruptMultiArch
 .text.nm_bsp_sleep
                0x000050b8       0x14 .\libraries\WiFi101\src\bsp\source\nm_bsp_arduino.c.o
                0x000050b8                nm_bsp_sleep
 .text.nm_bsp_reset
                0x000050cc       0x30 .\libraries\WiFi101\src\bsp\source\nm_bsp_arduino.c.o
                0x000050cc                nm_bsp_reset
 .text.nm_bsp_init
                0x000050fc       0x58 .\libraries\WiFi101\src\bsp\source\nm_bsp_arduino.c.o
                0x000050fc                nm_bsp_init
 .text.nm_bsp_register_isr
                0x00005154       0x24 .\libraries\WiFi101\src\bsp\source\nm_bsp_arduino.c.o
                0x00005154                nm_bsp_register_isr
 .text.nm_bsp_interrupt_ctrl
                0x00005178       0x28 .\libraries\WiFi101\src\bsp\source\nm_bsp_arduino.c.o
                0x00005178                nm_bsp_interrupt_ctrl
 .text._ZL10resolve_cbPhm
                0x000051a0        0xc .\libraries\WiFi101\src\WiFi.cpp.o
 .text._ZL9socket_cbahPv
                0x000051ac        0x8 .\libraries\WiFi101\src\WiFi.cpp.o
 .text._ZN9WiFiClass4initEv
                0x000051b4       0x70 .\libraries\WiFi101\src\WiFi.cpp.o
                0x000051b4                WiFiClass::init()
 .text._ZN9WiFiClass5beginEv
                0x00005224       0x8c .\libraries\WiFi101\src\WiFi.cpp.o
                0x00005224                WiFiClass::begin()
 .text._ZN9WiFiClass12startConnectEPKchPKv
                0x000052b0       0xb0 .\libraries\WiFi101\src\WiFi.cpp.o
                0x000052b0                WiFiClass::startConnect(char const*, unsigned char, void const*)
 .text._ZN9WiFiClass5beginEPKcS1_
                0x00005360        0xc .\libraries\WiFi101\src\WiFi.cpp.o
                0x00005360                WiFiClass::begin(char const*, char const*)
 .text._ZN9WiFiClass14startProvisionEPKcS1_h
                0x0000536c       0xb0 .\libraries\WiFi101\src\WiFi.cpp.o
                0x0000536c                WiFiClass::startProvision(char const*, char const*, unsigned char)
 .text._ZN9WiFiClass10macAddressEPh
                0x0000541c       0x26 .\libraries\WiFi101\src\WiFi.cpp.o
                0x0000541c                WiFiClass::macAddress(unsigned char*)
 .text._ZN9WiFiClass7localIPEv
                0x00005442        0x4 .\libraries\WiFi101\src\WiFi.cpp.o
                0x00005442                WiFiClass::localIP()
 .text._ZN9WiFiClass4SSIDEv
                0x00005446       0x1a .\libraries\WiFi101\src\WiFi.cpp.o
                0x00005446                WiFiClass::SSID()
 .text._ZN9WiFiClass4RSSIEv
                0x00005460       0x5c .\libraries\WiFi101\src\WiFi.cpp.o
                0x00005460                WiFiClass::RSSI()
 .text._ZN9WiFiClass6statusEv
                0x000054bc       0x1a .\libraries\WiFi101\src\WiFi.cpp.o
                0x000054bc                WiFiClass::status()
 *fill*         0x000054d6        0x2 
 .text._ZN9WiFiClass14beginProvisionEh
                0x000054d8       0x44 .\libraries\WiFi101\src\WiFi.cpp.o
                0x000054d8                WiFiClass::beginProvision(unsigned char)
 .text._ZN9WiFiClass14beginProvisionEv
                0x0000551c        0xa .\libraries\WiFi101\src\WiFi.cpp.o
                0x0000551c                WiFiClass::beginProvision()
 *fill*         0x00005526        0x2 
 .text._ZN9WiFiClass11handleEventEhPv
                0x00005528      0x1e8 .\libraries\WiFi101\src\WiFi.cpp.o
                0x00005528                WiFiClass::handleEvent(unsigned char, void*)
 .text._ZL7wifi_cbhPv
                0x00005710       0x14 .\libraries\WiFi101\src\WiFi.cpp.o
 .text._ZN9WiFiClass10hostByNameEPKcR9IPAddress
                0x00005724       0x60 .\libraries\WiFi101\src\WiFi.cpp.o
                0x00005724                WiFiClass::hostByName(char const*, IPAddress&)
 .text.startup._GLOBAL__sub_I__ZN9WiFiClass11handleEventEhPv
                0x00005784       0x30 .\libraries\WiFi101\src\WiFi.cpp.o
 .text._ZN10WiFiClient5writeEh
                0x000057b4       0x14 .\libraries\WiFi101\src\WiFiClient.cpp.o
                0x000057b4                WiFiClient::write(unsigned char)
 .text._ZN10WiFiClient4readEv
                0x000057c8       0x1e .\libraries\WiFi101\src\WiFiClient.cpp.o
                0x000057c8                WiFiClient::read()
 .text._ZN10WiFiClient5flushEv
                0x000057e6        0x2 .\libraries\WiFi101\src\WiFiClient.cpp.o
                0x000057e6                WiFiClient::flush()
 .text._ZN10WiFiClientcvbEv
                0x000057e8        0xe .\libraries\WiFi101\src\WiFiClient.cpp.o
                0x000057e8                WiFiClient::operator bool()
 *fill*         0x000057f6        0x2 
 .text._ZN10WiFiClient4stopEv
                0x000057f8       0x1c .\libraries\WiFi101\src\WiFiClient.cpp.o
                0x000057f8                WiFiClient::stop()
 .text._ZN10WiFiClient9availableEv
                0x00005814       0x18 .\libraries\WiFi101\src\WiFiClient.cpp.o
                0x00005814                WiFiClient::available()
 .text._ZN10WiFiClient4readEPhj
                0x0000582c       0x30 .\libraries\WiFi101\src\WiFiClient.cpp.o
                0x0000582c                WiFiClient::read(unsigned char*, unsigned int)
 .text._ZN10WiFiClient4peekEv
                0x0000585c       0x24 .\libraries\WiFi101\src\WiFiClient.cpp.o
                0x0000585c                WiFiClient::peek()
 .text._ZN10WiFiClient9connectedEv
                0x00005880       0x1c .\libraries\WiFi101\src\WiFiClient.cpp.o
                0x00005880                WiFiClient::connected()
 .text._ZN10WiFiClient8remoteIPEv
                0x0000589c       0x28 .\libraries\WiFi101\src\WiFiClient.cpp.o
                0x0000589c                WiFiClient::remoteIP()
 .text._ZN10WiFiClient10remotePortEv
                0x000058c4       0x30 .\libraries\WiFi101\src\WiFiClient.cpp.o
                0x000058c4                WiFiClient::remotePort()
 .text._ZN10WiFiClient5writeEPKhj
                0x000058f4       0x40 .\libraries\WiFi101\src\WiFiClient.cpp.o
                0x000058f4                WiFiClient::write(unsigned char const*, unsigned int)
 .text._ZN10WiFiClientC2Ev
                0x00005934       0x1c .\libraries\WiFi101\src\WiFiClient.cpp.o
                0x00005934                WiFiClient::WiFiClient()
                0x00005934                WiFiClient::WiFiClient()
 .text._ZN10WiFiClientC2Eh
                0x00005950       0x18 .\libraries\WiFi101\src\WiFiClient.cpp.o
                0x00005950                WiFiClient::WiFiClient(unsigned char)
                0x00005950                WiFiClient::WiFiClient(unsigned char)
 .text._ZN10WiFiClient7connectE9IPAddressthPKh
                0x00005968       0x90 .\libraries\WiFi101\src\WiFiClient.cpp.o
                0x00005968                WiFiClient::connect(IPAddress, unsigned short, unsigned char, unsigned char const*)
 .text._ZN10WiFiClient7connectE9IPAddresst
                0x000059f8       0x1c .\libraries\WiFi101\src\WiFiClient.cpp.o
                0x000059f8                WiFiClient::connect(IPAddress, unsigned short)
 .text._ZN10WiFiClient7connectEPKcth
                0x00005a14       0x44 .\libraries\WiFi101\src\WiFiClient.cpp.o
                0x00005a14                WiFiClient::connect(char const*, unsigned short, unsigned char)
 .text._ZN10WiFiClient7connectEPKct
                0x00005a58        0xa .\libraries\WiFi101\src\WiFiClient.cpp.o
                0x00005a58                WiFiClient::connect(char const*, unsigned short)
 *fill*         0x00005a62        0x2 
 .text.startup._GLOBAL__sub_I__ZN10WiFiClientC2Ev
                0x00005a64       0x18 .\libraries\WiFi101\src\WiFiClient.cpp.o
 .text.startup._GLOBAL__sub_I__ZN17WiFiMDNSResponderC2Ev
                0x00005a7c       0x18 .\libraries\WiFi101\src\WiFiMDNSResponder.cpp.o
 .text.startup._GLOBAL__sub_I__ZN13WiFiSSLClientC2Ev
                0x00005a94       0x18 .\libraries\WiFi101\src\WiFiSSLClient.cpp.o
 .text._ZN10WiFiServer5writeEh
                0x00005aac       0x14 .\libraries\WiFi101\src\WiFiServer.cpp.o
                0x00005aac                WiFiServer::write(unsigned char)
 .text._ZN10WiFiServer5writeEPKhj
                0x00005ac0       0x50 .\libraries\WiFi101\src\WiFiServer.cpp.o
                0x00005ac0                WiFiServer::write(unsigned char const*, unsigned int)
 .text._ZN10WiFiServerC2Et
                0x00005b10       0x18 .\libraries\WiFi101\src\WiFiServer.cpp.o
                0x00005b10                WiFiServer::WiFiServer(unsigned short)
                0x00005b10                WiFiServer::WiFiServer(unsigned short)
 .text._ZN10WiFiServer5beginEh
                0x00005b28       0x8c .\libraries\WiFi101\src\WiFiServer.cpp.o
                0x00005b28                WiFiServer::begin(unsigned char)
 .text._ZN10WiFiServer5beginEv
                0x00005bb4        0xa .\libraries\WiFi101\src\WiFiServer.cpp.o
                0x00005bb4                WiFiServer::begin()
 *fill*         0x00005bbe        0x2 
 .text._ZN10WiFiServer9availableEPh
                0x00005bc0       0x80 .\libraries\WiFi101\src\WiFiServer.cpp.o
                0x00005bc0                WiFiServer::available(unsigned char*)
 .text.startup._GLOBAL__sub_I__ZN10WiFiServerC2Et
                0x00005c40       0x18 .\libraries\WiFi101\src\WiFiServer.cpp.o
 .text.startup._GLOBAL__sub_I__ZN7WiFiUDPC2Ev
                0x00005c58       0x18 .\libraries\WiFi101\src\WiFiUdp.cpp.o
 .text._ZN8SPIClass4initEv
                0x00005c70       0x12 .\libraries\SPI\SPI.cpp.o
                0x00005c70                SPIClass::init()
 .text._ZN8SPIClass6configE11SPISettings
                0x00005c82       0x36 .\libraries\SPI\SPI.cpp.o
                0x00005c82                SPIClass::config(SPISettings)
 .text._ZN8SPIClass5beginEv
                0x00005cb8       0x50 .\libraries\SPI\SPI.cpp.o
                0x00005cb8                SPIClass::begin()
 .text._ZN8SPIClass3endEv
                0x00005d08       0x10 .\libraries\SPI\SPI.cpp.o
                0x00005d08                SPIClass::end()
 .text._ZN8SPIClass16beginTransactionE11SPISettings
                0x00005d18       0x38 .\libraries\SPI\SPI.cpp.o
                0x00005d18                SPIClass::beginTransaction(SPISettings)
 .text._ZN8SPIClass14endTransactionEv
                0x00005d50       0x24 .\libraries\SPI\SPI.cpp.o
                0x00005d50                SPIClass::endTransaction()
 .text._ZN8SPIClass8transferEh
                0x00005d74        0xa .\libraries\SPI\SPI.cpp.o
                0x00005d74                SPIClass::transfer(unsigned char)
 *fill*         0x00005d7e        0x2 
 .text.startup._GLOBAL__sub_I__ZN8SPIClassC2EP6SERCOMhhh14SercomSpiTXPad11SercomRXPad
                0x00005d80       0x58 .\libraries\SPI\SPI.cpp.o
 .text._ZN7TwoWire5writeEi
                0x00005dd8        0xc .\libraries\Adafruit-PWM-Servo-Driver-Library-master\Adafruit_PWMServoDriver.cpp.o
                0x00005dd8                TwoWire::write(int)
 .text._ZN23Adafruit_PWMServoDriverC2Eh
                0x00005de4        0xc .\libraries\Adafruit-PWM-Servo-Driver-Library-master\Adafruit_PWMServoDriver.cpp.o
                0x00005de4                Adafruit_PWMServoDriver::Adafruit_PWMServoDriver(unsigned char)
                0x00005de4                Adafruit_PWMServoDriver::Adafruit_PWMServoDriver(unsigned char)
 .text._ZN23Adafruit_PWMServoDriver6setPWMEhtt
                0x00005df0       0x44 .\libraries\Adafruit-PWM-Servo-Driver-Library-master\Adafruit_PWMServoDriver.cpp.o
                0x00005df0                Adafruit_PWMServoDriver::setPWM(unsigned char, unsigned short, unsigned short)
 .text._ZN23Adafruit_PWMServoDriver5read8Eh
                0x00005e34       0x34 .\libraries\Adafruit-PWM-Servo-Driver-Library-master\Adafruit_PWMServoDriver.cpp.o
                0x00005e34                Adafruit_PWMServoDriver::read8(unsigned char)
 .text._ZN23Adafruit_PWMServoDriver6write8Ehh
                0x00005e68       0x2c .\libraries\Adafruit-PWM-Servo-Driver-Library-master\Adafruit_PWMServoDriver.cpp.o
                0x00005e68                Adafruit_PWMServoDriver::write8(unsigned char, unsigned char)
 .text._ZN23Adafruit_PWMServoDriver5resetEv
                0x00005e94       0x12 .\libraries\Adafruit-PWM-Servo-Driver-Library-master\Adafruit_PWMServoDriver.cpp.o
                0x00005e94                Adafruit_PWMServoDriver::reset()
 *fill*         0x00005ea6        0x2 
 .text._ZN23Adafruit_PWMServoDriver10setPWMFreqEf
                0x00005ea8       0xa0 .\libraries\Adafruit-PWM-Servo-Driver-Library-master\Adafruit_PWMServoDriver.cpp.o
                0x00005ea8                Adafruit_PWMServoDriver::setPWMFreq(float)
 .text._ZN23Adafruit_PWMServoDriver5beginEv
                0x00005f48       0x20 .\libraries\Adafruit-PWM-Servo-Driver-Library-master\Adafruit_PWMServoDriver.cpp.o
                0x00005f48                Adafruit_PWMServoDriver::begin()
 .text.floor    0x00005f68      0x170 f:/eclipse/cpp-oxygen/eclipse/arduinoplugin/packages/arduino/tools/arm-none-eabi-gcc/4.8.3-2014q1/bin/../lib/gcc/arm-none-eabi/4.8.3/../../../../arm-none-eabi/lib/armv6-m\libm.a(lib_a-s_floor.o)
                0x00005f68                floor
 .text.SERCOM5_Handler
                0x000060d8       0x10 C:/Users/Omen/eclipse-workspace/PWM_webserver/Release/arduino.ar(variant.cpp.o)
                0x000060d8                SERCOM5_Handler
 .text.startup._GLOBAL__sub_I_g_APinDescription
                0x000060e8       0x80 C:/Users/Omen/eclipse-workspace/PWM_webserver/Release/arduino.ar(variant.cpp.o)
 .text._ZN7Serial_17availableForWriteEv
                0x00006168        0x4 C:/Users/Omen/eclipse-workspace/PWM_webserver/Release/arduino.ar(CDC.cpp.o)
                0x00006168                Serial_::availableForWrite()
 .text._ZN7Serial_5writeEh
                0x0000616c       0x14 C:/Users/Omen/eclipse-workspace/PWM_webserver/Release/arduino.ar(CDC.cpp.o)
                0x0000616c                Serial_::write(unsigned char)
 .text._ZN7Serial_9availableEv
                0x00006180        0xc C:/Users/Omen/eclipse-workspace/PWM_webserver/Release/arduino.ar(CDC.cpp.o)
                0x00006180                Serial_::available()
 .text._ZN7Serial_5flushEv
                0x0000618c        0xc C:/Users/Omen/eclipse-workspace/PWM_webserver/Release/arduino.ar(CDC.cpp.o)
                0x0000618c                Serial_::flush()
 .text._ZN7Serial_5writeEPKhj
                0x00006198       0x1c C:/Users/Omen/eclipse-workspace/PWM_webserver/Release/arduino.ar(CDC.cpp.o)
                0x00006198                Serial_::write(unsigned char const*, unsigned int)
 .text._ZN7Serial_4peekEv
                0x000061b4       0x1c C:/Users/Omen/eclipse-workspace/PWM_webserver/Release/arduino.ar(CDC.cpp.o)
                0x000061b4                Serial_::peek()
 .text._ZN7Serial_4readEv
                0x000061d0       0x24 C:/Users/Omen/eclipse-workspace/PWM_webserver/Release/arduino.ar(CDC.cpp.o)
                0x000061d0                Serial_::read()
 .text._Z16CDC_GetInterfacePh
                0x000061f4       0x1c C:/Users/Omen/eclipse-workspace/PWM_webserver/Release/arduino.ar(CDC.cpp.o)
                0x000061f4                CDC_GetInterface(unsigned char*)
 .text._Z9CDC_SetupR8USBSetup
                0x00006210       0x80 C:/Users/Omen/eclipse-workspace/PWM_webserver/Release/arduino.ar(CDC.cpp.o)
                0x00006210                CDC_Setup(USBSetup&)
 .text._ZN7Serial_5beginEm
                0x00006290        0x2 C:/Users/Omen/eclipse-workspace/PWM_webserver/Release/arduino.ar(CDC.cpp.o)
                0x00006290                Serial_::begin(unsigned long)
 *fill*         0x00006292        0x2 
 .text._ZN7Serial_cvbEv
                0x00006294       0x28 C:/Users/Omen/eclipse-workspace/PWM_webserver/Release/arduino.ar(CDC.cpp.o)
                0x00006294                Serial_::operator bool()
 .text.startup._GLOBAL__sub_I__Z17_CDC_GetInterfacev
                0x000062bc       0x28 C:/Users/Omen/eclipse-workspace/PWM_webserver/Release/arduino.ar(CDC.cpp.o)
 .text._ZL5utox8mPc
                0x000062e4       0x1c C:/Users/Omen/eclipse-workspace/PWM_webserver/Release/arduino.ar(USBCore.cpp.o)
 .text._ZN14USBDeviceClass6initEPEmm.part.4
                0x00006300       0xc8 C:/Users/Omen/eclipse-workspace/PWM_webserver/Release/arduino.ar(USBCore.cpp.o)
 .text._ZN20USBDevice_SAMD21G18x5resetEv
                0x000063c8       0x28 C:/Users/Omen/eclipse-workspace/PWM_webserver/Release/arduino.ar(USBCore.cpp.o)
                0x000063c8                USBDevice_SAMD21G18x::reset()
 .text._ZN20USBDevice_SAMD21G18x9calibrateEv
                0x000063f0       0x5c C:/Users/Omen/eclipse-workspace/PWM_webserver/Release/arduino.ar(USBCore.cpp.o)
                0x000063f0                USBDevice_SAMD21G18x::calibrate()
 .text._ZN7__GuardC2Ev
                0x0000644c        0xe C:/Users/Omen/eclipse-workspace/PWM_webserver/Release/arduino.ar(USBCore.cpp.o)
                0x0000644c                __Guard::__Guard()
                0x0000644c                __Guard::__Guard()
 .text._ZN7__GuardD2Ev
                0x0000645a        0xe C:/Users/Omen/eclipse-workspace/PWM_webserver/Release/arduino.ar(USBCore.cpp.o)
                0x0000645a                __Guard::~__Guard()
                0x0000645a                __Guard::~__Guard()
 .text._ZNK26DoubleBufferedEPOutHandler9availableEv
                0x00006468       0x5e C:/Users/Omen/eclipse-workspace/PWM_webserver/Release/arduino.ar(USBCore.cpp.o)
                0x00006468                DoubleBufferedEPOutHandler::available() const
 *fill*         0x000064c6        0x2 
 .text._ZN26DoubleBufferedEPOutHandler7releaseEv
                0x000064c8       0x58 C:/Users/Omen/eclipse-workspace/PWM_webserver/Release/arduino.ar(USBCore.cpp.o)
                0x000064c8                DoubleBufferedEPOutHandler::release()
 .text._ZN26DoubleBufferedEPOutHandler4recvEPvm
                0x00006520      0x11c C:/Users/Omen/eclipse-workspace/PWM_webserver/Release/arduino.ar(USBCore.cpp.o)
                0x00006520                DoubleBufferedEPOutHandler::recv(void*, unsigned long)
 .text._ZN26DoubleBufferedEPOutHandler14handleEndpointEv
                0x0000663c       0xc8 C:/Users/Omen/eclipse-workspace/PWM_webserver/Release/arduino.ar(USBCore.cpp.o)
                0x0000663c                DoubleBufferedEPOutHandler::handleEndpoint()
 .text._ZN14USBDeviceClass14SendInterfacesEPm
                0x00006704       0x2c C:/Users/Omen/eclipse-workspace/PWM_webserver/Release/arduino.ar(USBCore.cpp.o)
                0x00006704                USBDeviceClass::SendInterfaces(unsigned long*)
 .text._ZN14USBDeviceClass14handleEndpointEh
                0x00006730       0x40 C:/Users/Omen/eclipse-workspace/PWM_webserver/Release/arduino.ar(USBCore.cpp.o)
                0x00006730                USBDeviceClass::handleEndpoint(unsigned char)
 .text._ZN14USBDeviceClass4initEv
                0x00006770       0xc0 C:/Users/Omen/eclipse-workspace/PWM_webserver/Release/arduino.ar(USBCore.cpp.o)
                0x00006770                USBDeviceClass::init()
 .text._ZN14USBDeviceClass6attachEv
                0x00006830       0x34 C:/Users/Omen/eclipse-workspace/PWM_webserver/Release/arduino.ar(USBCore.cpp.o)
                0x00006830                USBDeviceClass::attach()
 .text._ZN14USBDeviceClass10setAddressEm
                0x00006864       0x48 C:/Users/Omen/eclipse-workspace/PWM_webserver/Release/arduino.ar(USBCore.cpp.o)
                0x00006864                USBDeviceClass::setAddress(unsigned long)
 .text._ZN14USBDeviceClass25handleClassInterfaceSetupER8USBSetup
                0x000068ac       0x40 C:/Users/Omen/eclipse-workspace/PWM_webserver/Release/arduino.ar(USBCore.cpp.o)
                0x000068ac                USBDeviceClass::handleClassInterfaceSetup(USBSetup&)
 .text._ZN14USBDeviceClass6initEPEmm
                0x000068ec       0xf4 C:/Users/Omen/eclipse-workspace/PWM_webserver/Release/arduino.ar(USBCore.cpp.o)
                0x000068ec                USBDeviceClass::initEP(unsigned long, unsigned long)
 .text._ZN14USBDeviceClass13initEndpointsEv
                0x000069e0       0x24 C:/Users/Omen/eclipse-workspace/PWM_webserver/Release/arduino.ar(USBCore.cpp.o)
                0x000069e0                USBDeviceClass::initEndpoints()
 .text._ZN14USBDeviceClass9availableEm
                0x00006a04       0x2c C:/Users/Omen/eclipse-workspace/PWM_webserver/Release/arduino.ar(USBCore.cpp.o)
                0x00006a04                USBDeviceClass::available(unsigned long)
 .text._ZN14USBDeviceClass5flushEm
                0x00006a30       0x2c C:/Users/Omen/eclipse-workspace/PWM_webserver/Release/arduino.ar(USBCore.cpp.o)
                0x00006a30                USBDeviceClass::flush(unsigned long)
 .text._ZN14USBDeviceClass14armRecvCtrlOUTEm
                0x00006a5c       0x60 C:/Users/Omen/eclipse-workspace/PWM_webserver/Release/arduino.ar(USBCore.cpp.o)
                0x00006a5c                USBDeviceClass::armRecvCtrlOUT(unsigned long)
 .text._ZN14USBDeviceClass11recvControlEPvm
                0x00006abc       0x3c C:/Users/Omen/eclipse-workspace/PWM_webserver/Release/arduino.ar(USBCore.cpp.o)
                0x00006abc                USBDeviceClass::recvControl(void*, unsigned long)
 .text._ZN14USBDeviceClass7armRecvEm
                0x00006af8       0x3c C:/Users/Omen/eclipse-workspace/PWM_webserver/Release/arduino.ar(USBCore.cpp.o)
                0x00006af8                USBDeviceClass::armRecv(unsigned long)
 .text._ZN14USBDeviceClass4recvEmPvm
                0x00006b34       0xc0 C:/Users/Omen/eclipse-workspace/PWM_webserver/Release/arduino.ar(USBCore.cpp.o)
                0x00006b34                USBDeviceClass::recv(unsigned long, void*, unsigned long)
 .text._ZN14USBDeviceClass4recvEm
                0x00006bf4       0x1c C:/Users/Omen/eclipse-workspace/PWM_webserver/Release/arduino.ar(USBCore.cpp.o)
                0x00006bf4                USBDeviceClass::recv(unsigned long)
 .text._ZN14USBDeviceClass4sendEmPKvm
                0x00006c10      0x10c C:/Users/Omen/eclipse-workspace/PWM_webserver/Release/arduino.ar(USBCore.cpp.o)
                0x00006c10                USBDeviceClass::send(unsigned long, void const*, unsigned long)
 .text._ZN14USBDeviceClass7armSendEmPKvm
                0x00006d1c       0x48 C:/Users/Omen/eclipse-workspace/PWM_webserver/Release/arduino.ar(USBCore.cpp.o)
                0x00006d1c                USBDeviceClass::armSend(unsigned long, void const*, unsigned long)
 .text._ZN14USBDeviceClass11sendControlEPKvm
                0x00006d64       0x58 C:/Users/Omen/eclipse-workspace/PWM_webserver/Release/arduino.ar(USBCore.cpp.o)
                0x00006d64                USBDeviceClass::sendControl(void const*, unsigned long)
 .text._ZN14USBDeviceClass20sendStringDescriptorEPKhh
                0x00006dbc       0x68 C:/Users/Omen/eclipse-workspace/PWM_webserver/Release/arduino.ar(USBCore.cpp.o)
                0x00006dbc                USBDeviceClass::sendStringDescriptor(unsigned char const*, unsigned char)
 .text._ZN14USBDeviceClass12packMessagesEb.part.6
                0x00006e24       0x20 C:/Users/Omen/eclipse-workspace/PWM_webserver/Release/arduino.ar(USBCore.cpp.o)
 .text._ZN14USBDeviceClass17sendConfigurationEm
                0x00006e44       0x90 C:/Users/Omen/eclipse-workspace/PWM_webserver/Release/arduino.ar(USBCore.cpp.o)
                0x00006e44                USBDeviceClass::sendConfiguration(unsigned long)
 .text._ZN14USBDeviceClass14sendDescriptorER8USBSetup
                0x00006ed4       0xec C:/Users/Omen/eclipse-workspace/PWM_webserver/Release/arduino.ar(USBCore.cpp.o)
                0x00006ed4                USBDeviceClass::sendDescriptor(USBSetup&)
 .text._ZN14USBDeviceClass19handleStandardSetupER8USBSetup
                0x00006fc0      0x118 C:/Users/Omen/eclipse-workspace/PWM_webserver/Release/arduino.ar(USBCore.cpp.o)
                0x00006fc0                USBDeviceClass::handleStandardSetup(USBSetup&)
 .text._ZN14USBDeviceClass10ISRHandlerEv
                0x000070d8      0x108 C:/Users/Omen/eclipse-workspace/PWM_webserver/Release/arduino.ar(USBCore.cpp.o)
                0x000070d8                USBDeviceClass::ISRHandler()
 .text.UDD_Handler
                0x000071e0       0x10 C:/Users/Omen/eclipse-workspace/PWM_webserver/Release/arduino.ar(USBCore.cpp.o)
                0x000071e0                UDD_Handler
 .text.startup._GLOBAL__sub_I__ZN20USBDevice_SAMD21G18x5resetEv
                0x000071f0       0x10 C:/Users/Omen/eclipse-workspace/PWM_webserver/Release/arduino.ar(USBCore.cpp.o)
 .text._ZNK9IPAddress7printToER5Print
                0x00007200       0x3c C:/Users/Omen/eclipse-workspace/PWM_webserver/Release/arduino.ar(IPAddress.cpp.o)
                0x00007200                IPAddress::printTo(Print&) const
 .text._ZN9IPAddressC2Ev
                0x0000723c       0x10 C:/Users/Omen/eclipse-workspace/PWM_webserver/Release/arduino.ar(IPAddress.cpp.o)
                0x0000723c                IPAddress::IPAddress()
                0x0000723c                IPAddress::IPAddress()
 .text._ZN9IPAddressC2Ehhhh
                0x0000724c       0x1c C:/Users/Omen/eclipse-workspace/PWM_webserver/Release/arduino.ar(IPAddress.cpp.o)
                0x0000724c                IPAddress::IPAddress(unsigned char, unsigned char, unsigned char, unsigned char)
                0x0000724c                IPAddress::IPAddress(unsigned char, unsigned char, unsigned char, unsigned char)
 .text._ZN9IPAddressC2Em
                0x00007268       0x10 C:/Users/Omen/eclipse-workspace/PWM_webserver/Release/arduino.ar(IPAddress.cpp.o)
                0x00007268                IPAddress::IPAddress(unsigned long)
                0x00007268                IPAddress::IPAddress(unsigned long)
 .text._ZN9IPAddress10fromStringEPKc
                0x00007278       0x4c C:/Users/Omen/eclipse-workspace/PWM_webserver/Release/arduino.ar(IPAddress.cpp.o)
                0x00007278                IPAddress::fromString(char const*)
 .text._ZN9IPAddressaSEm
                0x000072c4        0x4 C:/Users/Omen/eclipse-workspace/PWM_webserver/Release/arduino.ar(IPAddress.cpp.o)
                0x000072c4                IPAddress::operator=(unsigned long)
 .text.startup._GLOBAL__sub_I__ZN9IPAddressC2Ev
                0x000072c8       0x1c C:/Users/Omen/eclipse-workspace/PWM_webserver/Release/arduino.ar(IPAddress.cpp.o)
 .text._ZN5Print5writeEPKhj
                0x000072e4       0x28 C:/Users/Omen/eclipse-workspace/PWM_webserver/Release/arduino.ar(Print.cpp.o)
                0x000072e4                Print::write(unsigned char const*, unsigned int)
 .text._ZN5Print5printEmi.part.3
                0x0000730c        0xc C:/Users/Omen/eclipse-workspace/PWM_webserver/Release/arduino.ar(Print.cpp.o)
 .text._ZN5Print5writeEPKc
                0x00007318       0x1c C:/Users/Omen/eclipse-workspace/PWM_webserver/Release/arduino.ar(Print.cpp.o)
                0x00007318                Print::write(char const*)
 .text._ZN5Print5printEPKc
                0x00007334        0x8 C:/Users/Omen/eclipse-workspace/PWM_webserver/Release/arduino.ar(Print.cpp.o)
                0x00007334                Print::print(char const*)
 .text._ZN5Print5printEc
                0x0000733c        0xa C:/Users/Omen/eclipse-workspace/PWM_webserver/Release/arduino.ar(Print.cpp.o)
                0x0000733c                Print::print(char)
 .text._ZN5Print5printERK9Printable
                0x00007346       0x10 C:/Users/Omen/eclipse-workspace/PWM_webserver/Release/arduino.ar(Print.cpp.o)
                0x00007346                Print::print(Printable const&)
 *fill*         0x00007356        0x2 
 .text._ZN5Print7printlnEv
                0x00007358       0x10 C:/Users/Omen/eclipse-workspace/PWM_webserver/Release/arduino.ar(Print.cpp.o)
                0x00007358                Print::println()
 .text._ZN5Print7printlnEPKc
                0x00007368       0x14 C:/Users/Omen/eclipse-workspace/PWM_webserver/Release/arduino.ar(Print.cpp.o)
                0x00007368                Print::println(char const*)
 .text._ZN5Print7printlnERK9Printable
                0x0000737c       0x14 C:/Users/Omen/eclipse-workspace/PWM_webserver/Release/arduino.ar(Print.cpp.o)
                0x0000737c                Print::println(Printable const&)
 .text._ZN5Print11printNumberEmh
                0x00007390       0x4e C:/Users/Omen/eclipse-workspace/PWM_webserver/Release/arduino.ar(Print.cpp.o)
                0x00007390                Print::printNumber(unsigned long, unsigned char)
 .text._ZN5Print5printEli
                0x000073de       0x3c C:/Users/Omen/eclipse-workspace/PWM_webserver/Release/arduino.ar(Print.cpp.o)
                0x000073de                Print::print(long, int)
 .text._ZN5Print5printEii
                0x0000741a        0x8 C:/Users/Omen/eclipse-workspace/PWM_webserver/Release/arduino.ar(Print.cpp.o)
                0x0000741a                Print::print(int, int)
 .text._ZN5Print5printEmi
                0x00007422       0x14 C:/Users/Omen/eclipse-workspace/PWM_webserver/Release/arduino.ar(Print.cpp.o)
                0x00007422                Print::print(unsigned long, int)
 .text._ZN5Print5printEhi
                0x00007436        0x8 C:/Users/Omen/eclipse-workspace/PWM_webserver/Release/arduino.ar(Print.cpp.o)
                0x00007436                Print::print(unsigned char, int)
 *fill*         0x0000743e        0x2 
 .text.initiateReset
                0x00007440        0xc C:/Users/Omen/eclipse-workspace/PWM_webserver/Release/arduino.ar(Reset.cpp.o)
                0x00007440                initiateReset
 .text.cancelReset
                0x0000744c       0x10 C:/Users/Omen/eclipse-workspace/PWM_webserver/Release/arduino.ar(Reset.cpp.o)
                0x0000744c                cancelReset
 .text.tickReset
                0x0000745c       0x74 C:/Users/Omen/eclipse-workspace/PWM_webserver/Release/arduino.ar(Reset.cpp.o)
                0x0000745c                tickReset
 .text._ZN6SERCOMC2EP6Sercom
                0x000074d0        0x4 C:/Users/Omen/eclipse-workspace/PWM_webserver/Release/arduino.ar(SERCOM.cpp.o)
                0x000074d0                SERCOM::SERCOM(Sercom*)
                0x000074d0                SERCOM::SERCOM(Sercom*)
 .text._ZN6SERCOM9initFrameE18SercomUartCharSize15SercomDataOrder16SercomParityMode19SercomNumberStopBit
                0x000074d4       0x38 C:/Users/Omen/eclipse-workspace/PWM_webserver/Release/arduino.ar(SERCOM.cpp.o)
                0x000074d4                SERCOM::initFrame(SercomUartCharSize, SercomDataOrder, SercomParityMode, SercomNumberStopBit)
 .text._ZN6SERCOM8initPadsE15SercomUartTXPad11SercomRXPad
                0x0000750c       0x26 C:/Users/Omen/eclipse-workspace/PWM_webserver/Release/arduino.ar(SERCOM.cpp.o)
                0x0000750c                SERCOM::initPads(SercomUartTXPad, SercomRXPad)
 .text._ZN6SERCOM9resetUARTEv
                0x00007532       0x1c C:/Users/Omen/eclipse-workspace/PWM_webserver/Release/arduino.ar(SERCOM.cpp.o)
                0x00007532                SERCOM::resetUART()
 .text._ZN6SERCOM10enableUARTEv
                0x0000754e       0x14 C:/Users/Omen/eclipse-workspace/PWM_webserver/Release/arduino.ar(SERCOM.cpp.o)
                0x0000754e                SERCOM::enableUART()
 .text._ZN6SERCOM9flushUARTEv
                0x00007562       0x10 C:/Users/Omen/eclipse-workspace/PWM_webserver/Release/arduino.ar(SERCOM.cpp.o)
                0x00007562                SERCOM::flushUART()
 .text._ZN6SERCOM15clearStatusUARTEv
                0x00007572        0x8 C:/Users/Omen/eclipse-workspace/PWM_webserver/Release/arduino.ar(SERCOM.cpp.o)
                0x00007572                SERCOM::clearStatusUART()
 .text._ZN6SERCOM17availableDataUARTEv
                0x0000757a        0xa C:/Users/Omen/eclipse-workspace/PWM_webserver/Release/arduino.ar(SERCOM.cpp.o)
                0x0000757a                SERCOM::availableDataUART()
 .text._ZN6SERCOM11isUARTErrorEv
                0x00007584        0x8 C:/Users/Omen/eclipse-workspace/PWM_webserver/Release/arduino.ar(SERCOM.cpp.o)
                0x00007584                SERCOM::isUARTError()
 .text._ZN6SERCOM20acknowledgeUARTErrorEv
                0x0000758c        0xe C:/Users/Omen/eclipse-workspace/PWM_webserver/Release/arduino.ar(SERCOM.cpp.o)
                0x0000758c                SERCOM::acknowledgeUARTError()
 .text._ZN6SERCOM23isDataRegisterEmptyUARTEv
                0x0000759a        0xa C:/Users/Omen/eclipse-workspace/PWM_webserver/Release/arduino.ar(SERCOM.cpp.o)
                0x0000759a                SERCOM::isDataRegisterEmptyUART()
 .text._ZN6SERCOM12readDataUARTEv
                0x000075a4        0x8 C:/Users/Omen/eclipse-workspace/PWM_webserver/Release/arduino.ar(SERCOM.cpp.o)
                0x000075a4                SERCOM::readDataUART()
 .text._ZN6SERCOM13writeDataUARTEh
                0x000075ac        0xe C:/Users/Omen/eclipse-workspace/PWM_webserver/Release/arduino.ar(SERCOM.cpp.o)
                0x000075ac                SERCOM::writeDataUART(unsigned char)
 .text._ZN6SERCOM36enableDataRegisterEmptyInterruptUARTEv
                0x000075ba        0x8 C:/Users/Omen/eclipse-workspace/PWM_webserver/Release/arduino.ar(SERCOM.cpp.o)
                0x000075ba                SERCOM::enableDataRegisterEmptyInterruptUART()
 .text._ZN6SERCOM37disableDataRegisterEmptyInterruptUARTEv
                0x000075c2        0x8 C:/Users/Omen/eclipse-workspace/PWM_webserver/Release/arduino.ar(SERCOM.cpp.o)
                0x000075c2                SERCOM::disableDataRegisterEmptyInterruptUART()
 *fill*         0x000075ca        0x2 
 .text._ZN6SERCOM12initSPIClockE18SercomSpiClockModem
                0x000075cc       0x30 C:/Users/Omen/eclipse-workspace/PWM_webserver/Release/arduino.ar(SERCOM.cpp.o)
                0x000075cc                SERCOM::initSPIClock(SercomSpiClockMode, unsigned long)
 .text._ZN6SERCOM8resetSPIEv
                0x000075fc       0x1c C:/Users/Omen/eclipse-workspace/PWM_webserver/Release/arduino.ar(SERCOM.cpp.o)
                0x000075fc                SERCOM::resetSPI()
 .text._ZN6SERCOM9enableSPIEv
                0x00007618       0x14 C:/Users/Omen/eclipse-workspace/PWM_webserver/Release/arduino.ar(SERCOM.cpp.o)
                0x00007618                SERCOM::enableSPI()
 .text._ZN6SERCOM10disableSPIEv
                0x0000762c       0x12 C:/Users/Omen/eclipse-workspace/PWM_webserver/Release/arduino.ar(SERCOM.cpp.o)
                0x0000762c                SERCOM::disableSPI()
 .text._ZN6SERCOM15transferDataSPIEh
                0x0000763e       0x1a C:/Users/Omen/eclipse-workspace/PWM_webserver/Release/arduino.ar(SERCOM.cpp.o)
                0x0000763e                SERCOM::transferDataSPI(unsigned char)
 .text._ZN6SERCOM9resetWIREEv
                0x00007658       0x1c C:/Users/Omen/eclipse-workspace/PWM_webserver/Release/arduino.ar(SERCOM.cpp.o)
                0x00007658                SERCOM::resetWIRE()
 .text._ZN6SERCOM10enableWIREEv
                0x00007674       0x28 C:/Users/Omen/eclipse-workspace/PWM_webserver/Release/arduino.ar(SERCOM.cpp.o)
                0x00007674                SERCOM::enableWIRE()
 .text._ZN6SERCOM18prepareNackBitWIREEv
                0x0000769c       0x10 C:/Users/Omen/eclipse-workspace/PWM_webserver/Release/arduino.ar(SERCOM.cpp.o)
                0x0000769c                SERCOM::prepareNackBitWIRE()
 .text._ZN6SERCOM17prepareAckBitWIREEv
                0x000076ac       0x14 C:/Users/Omen/eclipse-workspace/PWM_webserver/Release/arduino.ar(SERCOM.cpp.o)
                0x000076ac                SERCOM::prepareAckBitWIRE()
 .text._ZN6SERCOM22prepareCommandBitsWireEh
                0x000076c0       0x2c C:/Users/Omen/eclipse-workspace/PWM_webserver/Release/arduino.ar(SERCOM.cpp.o)
                0x000076c0                SERCOM::prepareCommandBitsWire(unsigned char)
 .text._ZN6SERCOM21startTransmissionWIREEh23SercomWireReadWriteFlag
                0x000076ec       0x5e C:/Users/Omen/eclipse-workspace/PWM_webserver/Release/arduino.ar(SERCOM.cpp.o)
                0x000076ec                SERCOM::startTransmissionWIRE(unsigned char, SercomWireReadWriteFlag)
 .text._ZN6SERCOM18sendDataMasterWIREEh
                0x0000774a       0x22 C:/Users/Omen/eclipse-workspace/PWM_webserver/Release/arduino.ar(SERCOM.cpp.o)
                0x0000774a                SERCOM::sendDataMasterWIRE(unsigned char)
 .text._ZN6SERCOM17sendDataSlaveWIREEh
                0x0000776c       0x1a C:/Users/Omen/eclipse-workspace/PWM_webserver/Release/arduino.ar(SERCOM.cpp.o)
                0x0000776c                SERCOM::sendDataSlaveWIRE(unsigned char)
 .text._ZN6SERCOM11isSlaveWIREEv
                0x00007786       0x12 C:/Users/Omen/eclipse-workspace/PWM_webserver/Release/arduino.ar(SERCOM.cpp.o)
                0x00007786                SERCOM::isSlaveWIRE()
 .text._ZN6SERCOM15isDataReadyWIREEv
                0x00007798        0xa C:/Users/Omen/eclipse-workspace/PWM_webserver/Release/arduino.ar(SERCOM.cpp.o)
                0x00007798                SERCOM::isDataReadyWIRE()
 .text._ZN6SERCOM18isStopDetectedWIREEv
                0x000077a2        0xa C:/Users/Omen/eclipse-workspace/PWM_webserver/Release/arduino.ar(SERCOM.cpp.o)
                0x000077a2                SERCOM::isStopDetectedWIRE()
 .text._ZN6SERCOM21isRestartDetectedWIREEv
                0x000077ac        0xa C:/Users/Omen/eclipse-workspace/PWM_webserver/Release/arduino.ar(SERCOM.cpp.o)
                0x000077ac                SERCOM::isRestartDetectedWIRE()
 .text._ZN6SERCOM14isAddressMatchEv
                0x000077b6        0xa C:/Users/Omen/eclipse-workspace/PWM_webserver/Release/arduino.ar(SERCOM.cpp.o)
                0x000077b6                SERCOM::isAddressMatch()
 .text._ZN6SERCOM25isMasterReadOperationWIREEv
                0x000077c0        0xa C:/Users/Omen/eclipse-workspace/PWM_webserver/Release/arduino.ar(SERCOM.cpp.o)
                0x000077c0                SERCOM::isMasterReadOperationWIRE()
 .text._ZN6SERCOM12readDataWIREEv
                0x000077ca       0x1a C:/Users/Omen/eclipse-workspace/PWM_webserver/Release/arduino.ar(SERCOM.cpp.o)
                0x000077ca                SERCOM::readDataWIRE()
 .text._ZN6SERCOM13initClockNVICEv
                0x000077e4       0xac C:/Users/Omen/eclipse-workspace/PWM_webserver/Release/arduino.ar(SERCOM.cpp.o)
                0x000077e4                SERCOM::initClockNVIC()
 .text._ZN6SERCOM8initUARTE14SercomUartMode20SercomUartSampleRatem
                0x00007890       0x6c C:/Users/Omen/eclipse-workspace/PWM_webserver/Release/arduino.ar(SERCOM.cpp.o)
                0x00007890                SERCOM::initUART(SercomUartMode, SercomUartSampleRate, unsigned long)
 .text._ZN6SERCOM7initSPIE14SercomSpiTXPad11SercomRXPad17SercomSpiCharSize15SercomDataOrder
                0x000078fc       0x48 C:/Users/Omen/eclipse-workspace/PWM_webserver/Release/arduino.ar(SERCOM.cpp.o)
                0x000078fc                SERCOM::initSPI(SercomSpiTXPad, SercomRXPad, SercomSpiCharSize, SercomDataOrder)
 .text._ZN6SERCOM14initMasterWIREEm
                0x00007944       0x54 C:/Users/Omen/eclipse-workspace/PWM_webserver/Release/arduino.ar(SERCOM.cpp.o)
                0x00007944                SERCOM::initMasterWIRE(unsigned long)
 .text._ZN4UartcvbEv
                0x00007998        0x4 C:/Users/Omen/eclipse-workspace/PWM_webserver/Release/arduino.ar(Uart.cpp.o)
                0x00007998                Uart::operator bool()
 .text._ZN4Uart5beginEm
                0x0000799c       0x10 C:/Users/Omen/eclipse-workspace/PWM_webserver/Release/arduino.ar(Uart.cpp.o)
                0x0000799c                Uart::begin(unsigned long)
 .text._ZN4Uart4peekEv
                0x000079ac       0x16 C:/Users/Omen/eclipse-workspace/PWM_webserver/Release/arduino.ar(Uart.cpp.o)
                0x000079ac                Uart::peek()
 .text._ZN4Uart3endEv
                0x000079c2       0x1c C:/Users/Omen/eclipse-workspace/PWM_webserver/Release/arduino.ar(Uart.cpp.o)
                0x000079c2                Uart::end()
 *fill*         0x000079de        0x2 
 .text._ZN4UartC2EP6SERCOMhh11SercomRXPad15SercomUartTXPadhh
                0x000079e0       0x7c C:/Users/Omen/eclipse-workspace/PWM_webserver/Release/arduino.ar(Uart.cpp.o)
                0x000079e0                Uart::Uart(SERCOM*, unsigned char, unsigned char, SercomRXPad, SercomUartTXPad, unsigned char, unsigned char)
                0x000079e0                Uart::Uart(SERCOM*, unsigned char, unsigned char, SercomRXPad, SercomUartTXPad, unsigned char, unsigned char)
 .text._ZN4UartC2EP6SERCOMhh11SercomRXPad15SercomUartTXPad
                0x00007a5c       0x24 C:/Users/Omen/eclipse-workspace/PWM_webserver/Release/arduino.ar(Uart.cpp.o)
                0x00007a5c                Uart::Uart(SERCOM*, unsigned char, unsigned char, SercomRXPad, SercomUartTXPad)
                0x00007a5c                Uart::Uart(SERCOM*, unsigned char, unsigned char, SercomRXPad, SercomUartTXPad)
 .text._ZN4Uart16extractNbStopBitEt
                0x00007a80        0xe C:/Users/Omen/eclipse-workspace/PWM_webserver/Release/arduino.ar(Uart.cpp.o)
                0x00007a80                Uart::extractNbStopBit(unsigned short)
 .text._ZN4Uart15extractCharSizeEt
                0x00007a8e       0x2c C:/Users/Omen/eclipse-workspace/PWM_webserver/Release/arduino.ar(Uart.cpp.o)
                0x00007a8e                Uart::extractCharSize(unsigned short)
 .text._ZN4Uart13extractParityEt
                0x00007aba       0x18 C:/Users/Omen/eclipse-workspace/PWM_webserver/Release/arduino.ar(Uart.cpp.o)
                0x00007aba                Uart::extractParity(unsigned short)
 *fill*         0x00007ad2        0x2 
 .text._ZN4Uart5beginEmt
                0x00007ad4       0xf4 C:/Users/Omen/eclipse-workspace/PWM_webserver/Release/arduino.ar(Uart.cpp.o)
                0x00007ad4                Uart::begin(unsigned long, unsigned short)
 .text._ZN11RingBufferNILi64EE9availableEv
                0x00007bc8        0xc C:/Users/Omen/eclipse-workspace/PWM_webserver/Release/arduino.ar(Uart.cpp.o)
                0x00007bc8                RingBufferN<64>::available()
 .text._ZN4Uart5flushEv
                0x00007bd4       0x18 C:/Users/Omen/eclipse-workspace/PWM_webserver/Release/arduino.ar(Uart.cpp.o)
                0x00007bd4                Uart::flush()
 .text._ZN4Uart9availableEv
                0x00007bec        0xa C:/Users/Omen/eclipse-workspace/PWM_webserver/Release/arduino.ar(Uart.cpp.o)
                0x00007bec                Uart::available()
 .text._ZN11RingBufferNILi64EE17availableForStoreEv
                0x00007bf6       0x1c C:/Users/Omen/eclipse-workspace/PWM_webserver/Release/arduino.ar(Uart.cpp.o)
                0x00007bf6                RingBufferN<64>::availableForStore()
 .text._ZN4Uart17availableForWriteEv
                0x00007c12        0xa C:/Users/Omen/eclipse-workspace/PWM_webserver/Release/arduino.ar(Uart.cpp.o)
                0x00007c12                Uart::availableForWrite()
 .text._ZN4Uart10IrqHandlerEv
                0x00007c1c       0xb2 C:/Users/Omen/eclipse-workspace/PWM_webserver/Release/arduino.ar(Uart.cpp.o)
                0x00007c1c                Uart::IrqHandler()
 *fill*         0x00007cce        0x2 
 .text._ZN4Uart5writeEh
                0x00007cd0       0xb8 C:/Users/Omen/eclipse-workspace/PWM_webserver/Release/arduino.ar(Uart.cpp.o)
                0x00007cd0                Uart::write(unsigned char)
 .text._ZN4Uart4readEv
                0x00007d88       0x48 C:/Users/Omen/eclipse-workspace/PWM_webserver/Release/arduino.ar(Uart.cpp.o)
                0x00007d88                Uart::read()
 .text.attachInterrupt
                0x00007dd0      0x130 C:/Users/Omen/eclipse-workspace/PWM_webserver/Release/arduino.ar(WInterrupts.c.o)
                0x00007dd0                attachInterrupt
 .text.detachInterrupt
                0x00007f00       0x78 C:/Users/Omen/eclipse-workspace/PWM_webserver/Release/arduino.ar(WInterrupts.c.o)
                0x00007f00                detachInterrupt
 .text.EIC_Handler
                0x00007f78       0x3c C:/Users/Omen/eclipse-workspace/PWM_webserver/Release/arduino.ar(WInterrupts.c.o)
                0x00007f78                EIC_Handler
 .text._ZN6StringD2Ev
                0x00007fb4        0xe C:/Users/Omen/eclipse-workspace/PWM_webserver/Release/arduino.ar(WString.cpp.o)
                0x00007fb4                String::~String()
                0x00007fb4                String::~String()
 .text._ZN6String10invalidateEv
                0x00007fc2       0x18 C:/Users/Omen/eclipse-workspace/PWM_webserver/Release/arduino.ar(WString.cpp.o)
                0x00007fc2                String::invalidate()
 .text._ZN6String12changeBufferEj
                0x00007fda       0x18 C:/Users/Omen/eclipse-workspace/PWM_webserver/Release/arduino.ar(WString.cpp.o)
                0x00007fda                String::changeBuffer(unsigned int)
 .text._ZN6String7reserveEj
                0x00007ff2       0x28 C:/Users/Omen/eclipse-workspace/PWM_webserver/Release/arduino.ar(WString.cpp.o)
                0x00007ff2                String::reserve(unsigned int)
 .text._ZN6String4copyEPKcj
                0x0000801a       0x28 C:/Users/Omen/eclipse-workspace/PWM_webserver/Release/arduino.ar(WString.cpp.o)
                0x0000801a                String::copy(char const*, unsigned int)
 .text._ZN6StringC2EPKc
                0x00008042       0x26 C:/Users/Omen/eclipse-workspace/PWM_webserver/Release/arduino.ar(WString.cpp.o)
                0x00008042                String::String(char const*)
                0x00008042                String::String(char const*)
 .text._ZN6StringaSERKS_
                0x00008068       0x20 C:/Users/Omen/eclipse-workspace/PWM_webserver/Release/arduino.ar(WString.cpp.o)
                0x00008068                String::operator=(String const&)
 .text._ZN6StringC2ERKS_
                0x00008088       0x14 C:/Users/Omen/eclipse-workspace/PWM_webserver/Release/arduino.ar(WString.cpp.o)
                0x00008088                String::String(String const&)
                0x00008088                String::String(String const&)
 .text._ZN6StringaSEPKc
                0x0000809c       0x22 C:/Users/Omen/eclipse-workspace/PWM_webserver/Release/arduino.ar(WString.cpp.o)
                0x0000809c                String::operator=(char const*)
 .text._ZN6String6concatEPKcj
                0x000080be       0x32 C:/Users/Omen/eclipse-workspace/PWM_webserver/Release/arduino.ar(WString.cpp.o)
                0x000080be                String::concat(char const*, unsigned int)
 .text._ZN6String6concatEc
                0x000080f0       0x14 C:/Users/Omen/eclipse-workspace/PWM_webserver/Release/arduino.ar(WString.cpp.o)
                0x000080f0                String::concat(char)
 .text._ZN6StringixEj
                0x00008104       0x1c C:/Users/Omen/eclipse-workspace/PWM_webserver/Release/arduino.ar(WString.cpp.o)
                0x00008104                String::operator[](unsigned int)
 .text._ZNK6String7indexOfERKS_j
                0x00008120       0x20 C:/Users/Omen/eclipse-workspace/PWM_webserver/Release/arduino.ar(WString.cpp.o)
                0x00008120                String::indexOf(String const&, unsigned int) const
 .text._ZNK6String7indexOfERKS_
                0x00008140        0xa C:/Users/Omen/eclipse-workspace/PWM_webserver/Release/arduino.ar(WString.cpp.o)
                0x00008140                String::indexOf(String const&) const
 .text.Dummy_Handler
                0x0000814a        0x2 C:/Users/Omen/eclipse-workspace/PWM_webserver/Release/arduino.ar(cortex_handlers.c.o)
                0x0000814a                DMAC_Handler
                0x0000814a                HardFault_Handler
                0x0000814a                AC_Handler
                0x0000814a                PendSV_Handler
                0x0000814a                NMI_Handler
                0x0000814a                TC7_Handler
                0x0000814a                SERCOM1_Handler
                0x0000814a                ADC_Handler
                0x0000814a                TCC1_Handler
                0x0000814a                SERCOM2_Handler
                0x0000814a                TCC0_Handler
                0x0000814a                RTC_Handler
                0x0000814a                TC6_Handler
                0x0000814a                WDT_Handler
                0x0000814a                TC4_Handler
                0x0000814a                TC3_Handler
                0x0000814a                Dummy_Handler
                0x0000814a                PM_Handler
                0x0000814a                SVC_Handler
                0x0000814a                TCC2_Handler
                0x0000814a                EVSYS_Handler
                0x0000814a                SERCOM3_Handler
                0x0000814a                SERCOM4_Handler
                0x0000814a                I2S_Handler
                0x0000814a                NVMCTRL_Handler
                0x0000814a                DAC_Handler
                0x0000814a                PTC_Handler
                0x0000814a                SYSCTRL_Handler
 .text.USB_Handler
                0x0000814c       0x14 C:/Users/Omen/eclipse-workspace/PWM_webserver/Release/arduino.ar(cortex_handlers.c.o)
                0x0000814c                USB_Handler
 .text.Reset_Handler
                0x00008160       0x54 C:/Users/Omen/eclipse-workspace/PWM_webserver/Release/arduino.ar(cortex_handlers.c.o)
                0x00008160                Reset_Handler
 .text.SysTick_Handler
                0x000081b4       0x10 C:/Users/Omen/eclipse-workspace/PWM_webserver/Release/arduino.ar(cortex_handlers.c.o)
                0x000081b4                SysTick_Handler
 .text.USB_SetHandler
                0x000081c4        0xc C:/Users/Omen/eclipse-workspace/PWM_webserver/Release/arduino.ar(cortex_handlers.c.o)
                0x000081c4                USB_SetHandler
 .text.millis   0x000081d0        0xc C:/Users/Omen/eclipse-workspace/PWM_webserver/Release/arduino.ar(delay.c.o)
                0x000081d0                millis
 .text.delay    0x000081dc       0x20 C:/Users/Omen/eclipse-workspace/PWM_webserver/Release/arduino.ar(delay.c.o)
                0x000081dc                delay
 .text.SysTick_DefaultHandler
                0x000081fc       0x14 C:/Users/Omen/eclipse-workspace/PWM_webserver/Release/arduino.ar(delay.c.o)
                0x000081fc                SysTick_DefaultHandler
 .text.__empty  0x00008210        0x2 C:/Users/Omen/eclipse-workspace/PWM_webserver/Release/arduino.ar(hooks.c.o)
                0x00008210                yield
 .text.__false  0x00008212        0x4 C:/Users/Omen/eclipse-workspace/PWM_webserver/Release/arduino.ar(hooks.c.o)
                0x00008212                sysTickHook
 .text._Z11initVariantv
                0x00008216        0x2 C:/Users/Omen/eclipse-workspace/PWM_webserver/Release/arduino.ar(main.cpp.o)
                0x00008216                initVariant()
 .text.startup.main
                0x00008218       0x40 C:/Users/Omen/eclipse-workspace/PWM_webserver/Release/arduino.ar(main.cpp.o)
                0x00008218                main
 .text._Znwj    0x00008258        0x8 C:/Users/Omen/eclipse-workspace/PWM_webserver/Release/arduino.ar(new.cpp.o)
                0x00008258                operator new(unsigned int)
 .text._ZdlPv   0x00008260        0x8 C:/Users/Omen/eclipse-workspace/PWM_webserver/Release/arduino.ar(new.cpp.o)
                0x00008260                operator delete(void*)
 .text.SystemInit
                0x00008268      0x168 C:/Users/Omen/eclipse-workspace/PWM_webserver/Release/arduino.ar(startup.c.o)
                0x00008268                SystemInit
 .text.init     0x000083d0       0xf0 C:/Users/Omen/eclipse-workspace/PWM_webserver/Release/arduino.ar(wiring.c.o)
                0x000083d0                init
 .text.analogReference
                0x000084c0       0x5c C:/Users/Omen/eclipse-workspace/PWM_webserver/Release/arduino.ar(wiring_analog.c.o)
                0x000084c0                analogReference
 .text.pinMode  0x0000851c       0xb4 C:/Users/Omen/eclipse-workspace/PWM_webserver/Release/arduino.ar(wiring_digital.c.o)
                0x0000851c                pinMode
 .text.digitalWrite
                0x000085d0       0x60 C:/Users/Omen/eclipse-workspace/PWM_webserver/Release/arduino.ar(wiring_digital.c.o)
                0x000085d0                digitalWrite
 .text.pinPeripheral
                0x00008630       0xc4 C:/Users/Omen/eclipse-workspace/PWM_webserver/Release/arduino.ar(wiring_private.c.o)
                0x00008630                pinPeripheral
 .text._ZN13PluggableUSB_12getInterfaceEPh
                0x000086f4       0x2a C:/Users/Omen/eclipse-workspace/PWM_webserver/Release/arduino.ar(PluggableUSB.cpp.o)
                0x000086f4                PluggableUSB_::getInterface(unsigned char*)
 .text._ZN13PluggableUSB_13getDescriptorER8USBSetup
                0x0000871e       0x20 C:/Users/Omen/eclipse-workspace/PWM_webserver/Release/arduino.ar(PluggableUSB.cpp.o)
                0x0000871e                PluggableUSB_::getDescriptor(USBSetup&)
 .text._ZN13PluggableUSB_12getShortNameEPc
                0x0000873e       0x1e C:/Users/Omen/eclipse-workspace/PWM_webserver/Release/arduino.ar(PluggableUSB.cpp.o)
                0x0000873e                PluggableUSB_::getShortName(char*)
 .text._ZN13PluggableUSB_5setupER8USBSetup
                0x0000875c       0x24 C:/Users/Omen/eclipse-workspace/PWM_webserver/Release/arduino.ar(PluggableUSB.cpp.o)
                0x0000875c                PluggableUSB_::setup(USBSetup&)
 .text._Z12PluggableUSBv
                0x00008780       0x24 C:/Users/Omen/eclipse-workspace/PWM_webserver/Release/arduino.ar(PluggableUSB.cpp.o)
                0x00008780                PluggableUSB()
 .text.__fpclassifyd
                0x000087a4       0x60 f:/eclipse/cpp-oxygen/eclipse/arduinoplugin/packages/arduino/tools/arm-none-eabi-gcc/4.8.3-2014q1/bin/../lib/gcc/arm-none-eabi/4.8.3/../../../../arm-none-eabi/lib/armv6-m\libm.a(lib_a-s_fpclassify.o)
                0x000087a4                __fpclassifyd
 .text          0x00008804       0x14 f:/eclipse/cpp-oxygen/eclipse/arduinoplugin/packages/arduino/tools/arm-none-eabi-gcc/4.8.3-2014q1/bin/../lib/gcc/arm-none-eabi/4.8.3/armv6-m\libgcc.a(_thumb1_case_uqi.o)
                0x00008804                __gnu_thumb1_case_uqi
 .text          0x00008818       0x9c f:/eclipse/cpp-oxygen/eclipse/arduinoplugin/packages/arduino/tools/arm-none-eabi-gcc/4.8.3-2014q1/bin/../lib/gcc/arm-none-eabi/4.8.3/armv6-m\libgcc.a(_udivsi3.o)
                0x00008818                __aeabi_uidiv
                0x00008818                __udivsi3
                0x000088a0                __aeabi_uidivmod
 .text          0x000088b4       0xc0 f:/eclipse/cpp-oxygen/eclipse/arduinoplugin/packages/arduino/tools/arm-none-eabi-gcc/4.8.3-2014q1/bin/../lib/gcc/arm-none-eabi/4.8.3/armv6-m\libgcc.a(_divsi3.o)
                0x000088b4                __divsi3
                0x000088b4                __aeabi_idiv
                0x00008960                __aeabi_idivmod
 .text          0x00008974        0x4 f:/eclipse/cpp-oxygen/eclipse/arduinoplugin/packages/arduino/tools/arm-none-eabi-gcc/4.8.3-2014q1/bin/../lib/gcc/arm-none-eabi/4.8.3/armv6-m\libgcc.a(_dvmd_tls.o)
                0x00008974                __aeabi_idiv0
                0x00008974                __aeabi_ldiv0
 .text          0x00008978       0x7c f:/eclipse/cpp-oxygen/eclipse/arduinoplugin/packages/arduino/tools/arm-none-eabi-gcc/4.8.3-2014q1/bin/../lib/gcc/arm-none-eabi/4.8.3/armv6-m\libgcc.a(_arm_cmpdf2.o)
                0x00008978                __aeabi_cdrcmple
                0x00008988                __aeabi_cdcmple
                0x00008988                __aeabi_cdcmpeq
                0x00008998                __aeabi_dcmpeq
                0x000089a4                __aeabi_dcmplt
                0x000089b8                __aeabi_dcmple
                0x000089cc                __aeabi_dcmpgt
                0x000089e0                __aeabi_dcmpge
 *fill*         0x000089f4        0x4 
 .text          0x000089f8       0x40 f:/eclipse/cpp-oxygen/eclipse/arduinoplugin/packages/arduino/tools/arm-none-eabi-gcc/4.8.3-2014q1/bin/../lib/gcc/arm-none-eabi/4.8.3/armv6-m\libgcc.a(_fixunsdfsi.o)
                0x000089f8                __aeabi_d2uiz
                0x000089f8                __fixunsdfsi
 .text          0x00008a38      0x24c f:/eclipse/cpp-oxygen/eclipse/arduinoplugin/packages/arduino/tools/arm-none-eabi-gcc/4.8.3-2014q1/bin/../lib/gcc/arm-none-eabi/4.8.3/armv6-m\libgcc.a(divsf3.o)
                0x00008a38                __aeabi_fdiv
 .text          0x00008c84      0x2e0 f:/eclipse/cpp-oxygen/eclipse/arduinoplugin/packages/arduino/tools/arm-none-eabi-gcc/4.8.3-2014q1/bin/../lib/gcc/arm-none-eabi/4.8.3/armv6-m\libgcc.a(subsf3.o)
                0x00008c84                __aeabi_fsub
 .text          0x00008f64       0xb8 f:/eclipse/cpp-oxygen/eclipse/arduinoplugin/packages/arduino/tools/arm-none-eabi-gcc/4.8.3-2014q1/bin/../lib/gcc/arm-none-eabi/4.8.3/armv6-m\libgcc.a(floatsisf.o)
                0x00008f64                __aeabi_i2f
 .text          0x0000901c      0x638 f:/eclipse/cpp-oxygen/eclipse/arduinoplugin/packages/arduino/tools/arm-none-eabi-gcc/4.8.3-2014q1/bin/../lib/gcc/arm-none-eabi/4.8.3/armv6-m\libgcc.a(adddf3.o)
                0x0000901c                __aeabi_dadd
 .text          0x00009654      0x648 f:/eclipse/cpp-oxygen/eclipse/arduinoplugin/packages/arduino/tools/arm-none-eabi-gcc/4.8.3-2014q1/bin/../lib/gcc/arm-none-eabi/4.8.3/armv6-m\libgcc.a(divdf3.o)
                0x00009654                __aeabi_ddiv
 .text          0x00009c9c       0x94 f:/eclipse/cpp-oxygen/eclipse/arduinoplugin/packages/arduino/tools/arm-none-eabi-gcc/4.8.3-2014q1/bin/../lib/gcc/arm-none-eabi/4.8.3/armv6-m\libgcc.a(eqdf2.o)
                0x00009c9c                __nedf2
                0x00009c9c                __eqdf2
 .text          0x00009d30       0xfc f:/eclipse/cpp-oxygen/eclipse/arduinoplugin/packages/arduino/tools/arm-none-eabi-gcc/4.8.3-2014q1/bin/../lib/gcc/arm-none-eabi/4.8.3/armv6-m\libgcc.a(gedf2.o)
                0x00009d30                __gedf2
                0x00009d30                __gtdf2
 .text          0x00009e2c       0xfc f:/eclipse/cpp-oxygen/eclipse/arduinoplugin/packages/arduino/tools/arm-none-eabi-gcc/4.8.3-2014q1/bin/../lib/gcc/arm-none-eabi/4.8.3/armv6-m\libgcc.a(ledf2.o)
                0x00009e2c                __ledf2
                0x00009e2c                __ltdf2
 .text          0x00009f28      0x520 f:/eclipse/cpp-oxygen/eclipse/arduinoplugin/packages/arduino/tools/arm-none-eabi-gcc/4.8.3-2014q1/bin/../lib/gcc/arm-none-eabi/4.8.3/armv6-m\libgcc.a(muldf3.o)
                0x00009f28                __aeabi_dmul
 .text          0x0000a448      0x654 f:/eclipse/cpp-oxygen/eclipse/arduinoplugin/packages/arduino/tools/arm-none-eabi-gcc/4.8.3-2014q1/bin/../lib/gcc/arm-none-eabi/4.8.3/armv6-m\libgcc.a(subdf3.o)
                0x0000a448                __aeabi_dsub
 .text          0x0000aa9c       0x68 f:/eclipse/cpp-oxygen/eclipse/arduinoplugin/packages/arduino/tools/arm-none-eabi-gcc/4.8.3-2014q1/bin/../lib/gcc/arm-none-eabi/4.8.3/armv6-m\libgcc.a(fixdfsi.o)
                0x0000aa9c                __aeabi_d2iz
 .text          0x0000ab04       0x68 f:/eclipse/cpp-oxygen/eclipse/arduinoplugin/packages/arduino/tools/arm-none-eabi-gcc/4.8.3-2014q1/bin/../lib/gcc/arm-none-eabi/4.8.3/armv6-m\libgcc.a(floatunsidf.o)
                0x0000ab04                __aeabi_ui2d
 .text          0x0000ab6c       0xa4 f:/eclipse/cpp-oxygen/eclipse/arduinoplugin/packages/arduino/tools/arm-none-eabi-gcc/4.8.3-2014q1/bin/../lib/gcc/arm-none-eabi/4.8.3/armv6-m\libgcc.a(extendsfdf2.o)
                0x0000ab6c                __aeabi_f2d
 .text          0x0000ac10      0x118 f:/eclipse/cpp-oxygen/eclipse/arduinoplugin/packages/arduino/tools/arm-none-eabi-gcc/4.8.3-2014q1/bin/../lib/gcc/arm-none-eabi/4.8.3/armv6-m\libgcc.a(truncdfsf2.o)
                0x0000ac10                __aeabi_d2f
 .text          0x0000ad28       0x3c f:/eclipse/cpp-oxygen/eclipse/arduinoplugin/packages/arduino/tools/arm-none-eabi-gcc/4.8.3-2014q1/bin/../lib/gcc/arm-none-eabi/4.8.3/armv6-m\libgcc.a(_clzsi2.o)
                0x0000ad28                __clzsi2
 .text.__aeabi_atexit
                0x0000ad64        0xe f:/eclipse/cpp-oxygen/eclipse/arduinoplugin/packages/arduino/tools/arm-none-eabi-gcc/4.8.3-2014q1/bin/../lib/gcc/arm-none-eabi/4.8.3/../../../../arm-none-eabi/lib/armv6-m\libc_s.a(lib_a-aeabi_atexit.o)
                0x0000ad64                __aeabi_atexit
 .text.atoi     0x0000ad72        0xc f:/eclipse/cpp-oxygen/eclipse/arduinoplugin/packages/arduino/tools/arm-none-eabi-gcc/4.8.3-2014q1/bin/../lib/gcc/arm-none-eabi/4.8.3/../../../../arm-none-eabi/lib/armv6-m\libc_s.a(lib_a-atoi.o)
                0x0000ad72                atoi
 *fill*         0x0000ad7e        0x2 
 .text.__cxa_atexit
                0x0000ad80       0x20 f:/eclipse/cpp-oxygen/eclipse/arduinoplugin/packages/arduino/tools/arm-none-eabi-gcc/4.8.3-2014q1/bin/../lib/gcc/arm-none-eabi/4.8.3/../../../../arm-none-eabi/lib/armv6-m\libc_s.a(lib_a-cxa_atexit.o)
                0x0000ad80                __cxa_atexit
 .text.__libc_init_array
                0x0000ada0       0x4c f:/eclipse/cpp-oxygen/eclipse/arduinoplugin/packages/arduino/tools/arm-none-eabi-gcc/4.8.3-2014q1/bin/../lib/gcc/arm-none-eabi/4.8.3/../../../../arm-none-eabi/lib/armv6-m\libc_s.a(lib_a-init.o)
                0x0000ada0                __libc_init_array
 .text.malloc   0x0000adec       0x14 f:/eclipse/cpp-oxygen/eclipse/arduinoplugin/packages/arduino/tools/arm-none-eabi-gcc/4.8.3-2014q1/bin/../lib/gcc/arm-none-eabi/4.8.3/../../../../arm-none-eabi/lib/armv6-m\libc_s.a(lib_a-malloc.o)
                0x0000adec                malloc
 .text.free     0x0000ae00       0x14 f:/eclipse/cpp-oxygen/eclipse/arduinoplugin/packages/arduino/tools/arm-none-eabi-gcc/4.8.3-2014q1/bin/../lib/gcc/arm-none-eabi/4.8.3/../../../../arm-none-eabi/lib/armv6-m\libc_s.a(lib_a-malloc.o)
                0x0000ae00                free
 .text.memcpy   0x0000ae14       0x12 f:/eclipse/cpp-oxygen/eclipse/arduinoplugin/packages/arduino/tools/arm-none-eabi-gcc/4.8.3-2014q1/bin/../lib/gcc/arm-none-eabi/4.8.3/../../../../arm-none-eabi/lib/armv6-m\libc_s.a(lib_a-memcpy-stub.o)
                0x0000ae14                memcpy
 .text.memmove  0x0000ae26       0x32 f:/eclipse/cpp-oxygen/eclipse/arduinoplugin/packages/arduino/tools/arm-none-eabi-gcc/4.8.3-2014q1/bin/../lib/gcc/arm-none-eabi/4.8.3/../../../../arm-none-eabi/lib/armv6-m\libc_s.a(lib_a-memmove.o)
                0x0000ae26                memmove
 .text.memset   0x0000ae58       0x10 f:/eclipse/cpp-oxygen/eclipse/arduinoplugin/packages/arduino/tools/arm-none-eabi-gcc/4.8.3-2014q1/bin/../lib/gcc/arm-none-eabi/4.8.3/../../../../arm-none-eabi/lib/armv6-m\libc_s.a(lib_a-memset.o)
                0x0000ae58                memset
 .text._free_r  0x0000ae68       0x90 f:/eclipse/cpp-oxygen/eclipse/arduinoplugin/packages/arduino/tools/arm-none-eabi-gcc/4.8.3-2014q1/bin/../lib/gcc/arm-none-eabi/4.8.3/../../../../arm-none-eabi/lib/armv6-m\libc_s.a(lib_a-nano-freer.o)
                0x0000ae68                _free_r
 .text._malloc_r
                0x0000aef8       0xa8 f:/eclipse/cpp-oxygen/eclipse/arduinoplugin/packages/arduino/tools/arm-none-eabi-gcc/4.8.3-2014q1/bin/../lib/gcc/arm-none-eabi/4.8.3/../../../../arm-none-eabi/lib/armv6-m\libc_s.a(lib_a-nano-mallocr.o)
                0x0000aef8                _malloc_r
 .text.realloc  0x0000afa0       0x18 f:/eclipse/cpp-oxygen/eclipse/arduinoplugin/packages/arduino/tools/arm-none-eabi-gcc/4.8.3-2014q1/bin/../lib/gcc/arm-none-eabi/4.8.3/../../../../arm-none-eabi/lib/armv6-m\libc_s.a(lib_a-realloc.o)
                0x0000afa0                realloc
 .text._sbrk_r  0x0000afb8       0x24 f:/eclipse/cpp-oxygen/eclipse/arduinoplugin/packages/arduino/tools/arm-none-eabi-gcc/4.8.3-2014q1/bin/../lib/gcc/arm-none-eabi/4.8.3/../../../../arm-none-eabi/lib/armv6-m\libc_s.a(lib_a-sbrkr.o)
                0x0000afb8                _sbrk_r
 .text.sprintf  0x0000afdc       0x44 f:/eclipse/cpp-oxygen/eclipse/arduinoplugin/packages/arduino/tools/arm-none-eabi-gcc/4.8.3-2014q1/bin/../lib/gcc/arm-none-eabi/4.8.3/../../../../arm-none-eabi/lib/armv6-m\libc_s.a(lib_a-sprintf.o)
                0x0000afdc                siprintf
                0x0000afdc                sprintf
 .text.strcpy   0x0000b020       0x10 f:/eclipse/cpp-oxygen/eclipse/arduinoplugin/packages/arduino/tools/arm-none-eabi-gcc/4.8.3-2014q1/bin/../lib/gcc/arm-none-eabi/4.8.3/../../../../arm-none-eabi/lib/armv6-m\libc_s.a(lib_a-strcpy.o)
                0x0000b020                strcpy